Archive member included to satisfy reference by file (symbol)

C:/Users/Rose/Downloads/arm-gnu-toolchain-15.2.rel1-mingw-w64-x86_64-arm-none-eabi/bin/../lib/gcc/arm-none-eabi/15.2.1/thumb/v7e-m+fp/hard\libgcc.a(_arm_muldf3.o)
                              HARDWARE/DAC/dac.o (__aeabi_dmul)
C:/Users/Rose/Downloads/arm-gnu-toolchain-15.2.rel1-mingw-w64-x86_64-arm-none-eabi/bin/../lib/gcc/arm-none-eabi/15.2.1/thumb/v7e-m+fp/hard\libgcc.a(_arm_addsubdf3.o)
                              HARDWARE/DAC/dac.o (__aeabi_dadd)
C:/Users/Rose/Downloads/arm-gnu-toolchain-15.2.rel1-mingw-w64-x86_64-arm-none-eabi/bin/../lib/gcc/arm-none-eabi/15.2.1/thumb/v7e-m+fp/hard\libgcc.a(_arm_fixunsdfsi.o)
                              HARDWARE/DAC/dac.o (__aeabi_d2uiz)
C:/Users/Rose/Downloads/arm-gnu-toolchain-15.2.rel1-mingw-w64-x86_64-arm-none-eabi/bin/../lib/gcc/arm-none-eabi/15.2.1/../../../../arm-none-eabi/lib/thumb/v7e-m+fp/hard\libc.a(libc_a-exit.o)
                              C:/Users/Rose/Downloads/arm-gnu-toolchain-15.2.rel1-mingw-w64-x86_64-arm-none-eabi/bin/../lib/gcc/arm-none-eabi/15.2.1/../../../../arm-none-eabi/lib/thumb/v7e-m+fp/hard/crt0.o (exit)
C:/Users/Rose/Downloads/arm-gnu-toolchain-15.2.rel1-mingw-w64-x86_64-arm-none-eabi/bin/../lib/gcc/arm-none-eabi/15.2.1/../../../../arm-none-eabi/lib/thumb/v7e-m+fp/hard\libc.a(libc_a-findfp.o)
                              C:/Users/Rose/Downloads/arm-gnu-toolchain-15.2.rel1-mingw-w64-x86_64-arm-none-eabi/bin/../lib/gcc/arm-none-eabi/15.2.1/../../../../arm-none-eabi/lib/thumb/v7e-m+fp/hard\libc.a(libc_a-exit.o) (__stdio_exit_handler)
C:/Users/Rose/Downloads/arm-gnu-toolchain-15.2.rel1-mingw-w64-x86_64-arm-none-eabi/bin/../lib/gcc/arm-none-eabi/15.2.1/../../../../arm-none-eabi/lib/thumb/v7e-m+fp/hard\libc.a(libc_a-fwalk.o)
                              C:/Users/Rose/Downloads/arm-gnu-toolchain-15.2.rel1-mingw-w64-x86_64-arm-none-eabi/bin/../lib/gcc/arm-none-eabi/15.2.1/../../../../arm-none-eabi/lib/thumb/v7e-m+fp/hard\libc.a(libc_a-findfp.o) (_fwalk_sglue)
C:/Users/Rose/Downloads/arm-gnu-toolchain-15.2.rel1-mingw-w64-x86_64-arm-none-eabi/bin/../lib/gcc/arm-none-eabi/15.2.1/../../../../arm-none-eabi/lib/thumb/v7e-m+fp/hard\libc.a(libc_a-stdio.o)
                              C:/Users/Rose/Downloads/arm-gnu-toolchain-15.2.rel1-mingw-w64-x86_64-arm-none-eabi/bin/../lib/gcc/arm-none-eabi/15.2.1/../../../../arm-none-eabi/lib/thumb/v7e-m+fp/hard\libc.a(libc_a-findfp.o) (__sread)
C:/Users/Rose/Downloads/arm-gnu-toolchain-15.2.rel1-mingw-w64-x86_64-arm-none-eabi/bin/../lib/gcc/arm-none-eabi/15.2.1/../../../../arm-none-eabi/lib/thumb/v7e-m+fp/hard\libc.a(libc_a-memset.o)
                              C:/Users/Rose/Downloads/arm-gnu-toolchain-15.2.rel1-mingw-w64-x86_64-arm-none-eabi/bin/../lib/gcc/arm-none-eabi/15.2.1/../../../../arm-none-eabi/lib/thumb/v7e-m+fp/hard/crt0.o (memset)
C:/Users/Rose/Downloads/arm-gnu-toolchain-15.2.rel1-mingw-w64-x86_64-arm-none-eabi/bin/../lib/gcc/arm-none-eabi/15.2.1/../../../../arm-none-eabi/lib/thumb/v7e-m+fp/hard\libc.a(libc_a-closer.o)
                              C:/Users/Rose/Downloads/arm-gnu-toolchain-15.2.rel1-mingw-w64-x86_64-arm-none-eabi/bin/../lib/gcc/arm-none-eabi/15.2.1/../../../../arm-none-eabi/lib/thumb/v7e-m+fp/hard\libc.a(libc_a-stdio.o) (_close_r)
C:/Users/Rose/Downloads/arm-gnu-toolchain-15.2.rel1-mingw-w64-x86_64-arm-none-eabi/bin/../lib/gcc/arm-none-eabi/15.2.1/../../../../arm-none-eabi/lib/thumb/v7e-m+fp/hard\libc.a(libc_a-reent.o)
                              C:/Users/Rose/Downloads/arm-gnu-toolchain-15.2.rel1-mingw-w64-x86_64-arm-none-eabi/bin/../lib/gcc/arm-none-eabi/15.2.1/../../../../arm-none-eabi/lib/thumb/v7e-m+fp/hard\libc.a(libc_a-closer.o) (errno)
C:/Users/Rose/Downloads/arm-gnu-toolchain-15.2.rel1-mingw-w64-x86_64-arm-none-eabi/bin/../lib/gcc/arm-none-eabi/15.2.1/../../../../arm-none-eabi/lib/thumb/v7e-m+fp/hard\libc.a(libc_a-impure.o)
                              C:/Users/Rose/Downloads/arm-gnu-toolchain-15.2.rel1-mingw-w64-x86_64-arm-none-eabi/bin/../lib/gcc/arm-none-eabi/15.2.1/../../../../arm-none-eabi/lib/thumb/v7e-m+fp/hard\libc.a(libc_a-reent.o) (_impure_ptr)
C:/Users/Rose/Downloads/arm-gnu-toolchain-15.2.rel1-mingw-w64-x86_64-arm-none-eabi/bin/../lib/gcc/arm-none-eabi/15.2.1/../../../../arm-none-eabi/lib/thumb/v7e-m+fp/hard\libc.a(libc_a-lseekr.o)
                              C:/Users/Rose/Downloads/arm-gnu-toolchain-15.2.rel1-mingw-w64-x86_64-arm-none-eabi/bin/../lib/gcc/arm-none-eabi/15.2.1/../../../../arm-none-eabi/lib/thumb/v7e-m+fp/hard\libc.a(libc_a-stdio.o) (_lseek_r)
C:/Users/Rose/Downloads/arm-gnu-toolchain-15.2.rel1-mingw-w64-x86_64-arm-none-eabi/bin/../lib/gcc/arm-none-eabi/15.2.1/../../../../arm-none-eabi/lib/thumb/v7e-m+fp/hard\libc.a(libc_a-readr.o)
                              C:/Users/Rose/Downloads/arm-gnu-toolchain-15.2.rel1-mingw-w64-x86_64-arm-none-eabi/bin/../lib/gcc/arm-none-eabi/15.2.1/../../../../arm-none-eabi/lib/thumb/v7e-m+fp/hard\libc.a(libc_a-stdio.o) (_read_r)
[...]
Memory Configuration

Name             Origin             Length             Attributes
FLASH            0x08000000         0x00100000         xr
RAM              0x20000000         0x00020000         xrw
CCMRAM           0x10000000         0x00010000         xrw
*default*        0x00000000         0xffffffff

Linker script and memory map

LOAD C:/Users/Rose/Downloads/arm-gnu-toolchain-15.2.rel1-mingw-w64-x86_64-arm-none-eabi/bin/../lib/gcc/arm-none-eabi/15.2.1/thumb/v7e-m+fp/hard/crti.o
LOAD C:/Users/Rose/Downloads/arm-gnu-toolchain-15.2.rel1-mingw-w64-x86_64-arm-none-eabi/bin/../lib/gcc/arm-none-eabi/15.2.1/thumb/v7e-m+fp/hard/crtbegin.o
LOAD C:/Users/Rose/Downloads/arm-gnu-toolchain-15.2.rel1-mingw-w64-x86_64-arm-none-eabi/bin/../lib/gcc/arm-none-eabi/15.2.1/../../../../arm-none-eabi/lib/thumb/v7e-m+fp/hard/crt0.o
LOAD CORE/startup_stm32f407xx_gcc.o
LOAD USER/main.o
LOAD USER/stm32f4xx_it.o
LOAD USER/system_stm32f4xx.o
LOAD HALLIB/STM32F4xx_HAL_Driver/Src/stm32f4xx_hal.o
LOAD HALLIB/STM32F4xx_HAL_Driver/Src/stm32f4xx_hal_adc.o
LOAD HALLIB/STM32F4xx_HAL_Driver/Src/stm32f4xx_hal_adc_ex.o
LOAD HALLIB/STM32F4xx_HAL_Driver/Src/stm32f4xx_hal_dac.o
LOAD HALLIB/STM32F4xx_HAL_Driver/Src/stm32f4xx_hal_dac_ex.o
LOAD HALLIB/STM32F4xx_HAL_Driver/Src/stm32f4xx_hal_uart.o
LOAD HALLIB/STM32F4xx_HAL_Driver/Src/stm32f4xx_hal_tim.o
LOAD HALLIB/STM32F4xx_HAL_Driver/Src/stm32f4xx_hal_tim_ex.o
LOAD HALLIB/STM32F4xx_HAL_Driver/Src/stm32f4xx_hal_dma.o
LOAD HALLIB/STM32F4xx_HAL_Driver/Src/stm32f4xx_hal_dma_ex.o
LOAD HALLIB/STM32F4xx_HAL_Driver/Src/stm32f4xx_hal_rcc.o
LOAD HALLIB/STM32F4xx_HAL_Driver/Src/stm32f4xx_hal_rcc_ex.o
LOAD HALLIB/STM32F4xx_HAL_Driver/Src/stm32f4xx_hal_gpio.o
LOAD HALLIB/STM32F4xx_HAL_Driver/Src/stm32f4xx_hal_cortex.o
LOAD HALLIB/STM32F4xx_HAL_Driver/Src/stm32f4xx_hal_pwr.o
LOAD HALLIB/STM32F4xx_HAL_Driver/Src/stm32f4xx_hal_pwr_ex.o
LOAD HALLIB/STM32F4xx_HAL_Driver/Src/stm32f4xx_hal_flash.o
LOAD HALLIB/STM32F4xx_HAL_Driver/Src/stm32f4xx_hal_flash_ex.o
LOAD SYSTEM/sys/sys.o
LOAD SYSTEM/delay/delay.o
LOAD SYSTEM/usart/usart.o
LOAD HARDWARE/LED/led.o
LOAD HARDWARE/KEY/key.o
LOAD HARDWARE/ADC/adc.o
LOAD HARDWARE/DAC/dac.o
START GROUP
LOAD C:/Users/Rose/Downloads/arm-gnu-toolchain-15.2.rel1-mingw-w64-x86_64-arm-none-eabi/bin/../lib/gcc/arm-none-eabi/15.2.1/thumb/v7e-m+fp/hard\libgcc.a
LOAD C:/Users/Rose/Downloads/arm-gnu-toolchain-15.2.rel1-mingw-w64-x86_64-arm-none-eabi/bin/../lib/gcc/arm-none-eabi/15.2.1/../../../../arm-none-eabi/lib/thumb/v7e-m+fp/hard\libc.a
END GROUP
LOAD C:/Users/Rose/Downloads/arm-gnu-toolchain-15.2.rel1-mingw-w64-x86_64-arm-none-eabi/bin/../lib/gcc/arm-none-eabi/15.2.1/thumb/v7e-m+fp/hard/crtend.o
LOAD C:/Users/Rose/Downloads/arm-gnu-toolchain-15.2.rel1-mingw-w64-x86_64-arm-none-eabi/bin/../lib/gcc/arm-none-eabi/15.2.1/thumb/v7e-m+fp/hard/crtn.o
                0x20020000                        _estack = 0x20020000
                0x00000200                        _Min_Heap_Size = 0x200
                0x00000400                        _Min_Stack_Size = 0x400

.isr_vector     0x08000000      0x188
                0x08000000                        . = ALIGN (0x4)
 *(.isr_vector)
 .isr_vector    0x08000000      0x188 CORE/startup_stm32f407xx_gcc.o
                0x08000000                g_pfnVectors
                0x08000188                        . = ALIGN (0x4)

.text           0x08000188     0x5f70
                0x08000188                        . = ALIGN (0x4)
 *(.text)
 .text          0x08000188      0x254 C:/Users/Rose/Downloads/arm-gnu-toolchain-15.2.rel1-mingw-w64-x86_64-arm-none-eabi/bin/../lib/gcc/arm-none-eabi/15.2.1/thumb/v7e-m+fp/hard\libgcc.a(_arm_muldf3.o)
                0x08000188                __muldf3
                0x08000188                __aeabi_dmul
 .text          0x080003dc      0x378 C:/Users/Rose/Downloads/arm-gnu-toolchain-15.2.rel1-mingw-w64-x86_64-arm-none-eabi/bin/../lib/gcc/arm-none-eabi/15.2.1/thumb/v7e-m+fp/hard\libgcc.a(_arm_addsubdf3.o)
                0x080003dc                __aeabi_drsub
                0x080003e4                __aeabi_dsub
                0x080003e4                __subdf3
                0x080003e8                __aeabi_dadd
                0x080003e8                __adddf3
                0x08000660                __floatunsidf
                0x08000660                __aeabi_ui2d
                0x08000680                __floatsidf
                0x08000680                __aeabi_i2d
                0x080006a4                __aeabi_f2d
                0x080006a4                __extendsfdf2
                0x080006e8                __floatundidf
                0x080006e8                __aeabi_ul2d
                0x080006f8                __floatdidf
                0x080006f8                __aeabi_l2d
 .text          0x08000754       0x40 C:/Users/Rose/Downloads/arm-gnu-toolchain-15.2.rel1-mingw-w64-x86_64-arm-none-eabi/bin/../lib/gcc/arm-none-eabi/15.2.1/thumb/v7e-m+fp/hard\libgcc.a(_arm_fixunsdfsi.o)
                0x08000754                __aeabi_d2uiz
                0x08000754                __fixunsdfsi
 .text          0x08000794      0x110 C:/Users/Rose/Downloads/arm-gnu-toolchain-15.2.rel1-mingw-w64-x86_64-arm-none-eabi/bin/../lib/gcc/arm-none-eabi/15.2.1/thumb/v7e-m+fp/hard\libgcc.a(_arm_cmpdf2.o)
                0x08000794                __gtdf2
                0x08000794                __gedf2
                0x0800079c                __ltdf2
                0x0800079c                __ledf2
                0x080007a4                __nedf2
                0x080007a4                __eqdf2
                0x080007a4                __cmpdf2
                0x08000820                __aeabi_cdrcmple
                0x08000830                __aeabi_cdcmpeq
                0x08000830                __aeabi_cdcmple
                0x08000840                __aeabi_dcmpeq
                0x08000854                __aeabi_dcmplt
                0x08000868                __aeabi_dcmple
                0x0800087c                __aeabi_dcmpge
                0x08000890                __aeabi_dcmpgt
 .text          0x080008a4       0x50 C:/Users/Rose/Downloads/arm-gnu-toolchain-15.2.rel1-mingw-w64-x86_64-arm-none-eabi/bin/../lib/gcc/arm-none-eabi/15.2.1/thumb/v7e-m+fp/hard\libgcc.a(_arm_fixdfsi.o)
                0x080008a4                __aeabi_d2iz
                0x080008a4                __fixdfsi
 *(.text*)
 .text.deregister_tm_clones
                0x080008f4       0x1c C:/Users/Rose/Downloads/arm-gnu-toolchain-15.2.rel1-mingw-w64-x86_64-arm-none-eabi/bin/../lib/gcc/arm-none-eabi/15.2.1/thumb/v7e-m+fp/hard/crtbegin.o
 .text.register_tm_clones
                0x08000910       0x24 C:/Users/Rose/Downloads/arm-gnu-toolchain-15.2.rel1-mingw-w64-x86_64-arm-none-eabi/bin/../lib/gcc/arm-none-eabi/15.2.1/thumb/v7e-m+fp/hard/crtbegin.o
 .text.__do_global_dtors_aux
                0x08000934       0x28 C:/Users/Rose/Downloads/arm-gnu-toolchain-15.2.rel1-mingw-w64-x86_64-arm-none-eabi/bin/../lib/gcc/arm-none-eabi/15.2.1/thumb/v7e-m+fp/hard/crtbegin.o
 .text.frame_dummy
                0x0800095c       0x24 C:/Users/Rose/Downloads/arm-gnu-toolchain-15.2.rel1-mingw-w64-x86_64-arm-none-eabi/bin/../lib/gcc/arm-none-eabi/15.2.1/thumb/v7e-m+fp/hard/crtbegin.o
 .text.Reset_Handler
                0x08000980       0x50 CORE/startup_stm32f407xx_gcc.o
                0x08000980                Reset_Handler
 .text.Default_Handler
                0x080009d0        0x2 CORE/startup_stm32f407xx_gcc.o
                0x080009d0                RTC_Alarm_IRQHandler
                0x080009d0                HASH_RNG_IRQHandler
                0x080009d0                EXTI2_IRQHandler
                0x080009d0                TIM8_CC_IRQHandler
                0x080009d0                TIM1_CC_IRQHandler
                0x080009d0                DMA2_Stream5_IRQHandler
                0x080009d0                PVD_IRQHandler
                0x080009d0                SDIO_IRQHandler
                0x080009d0                TAMP_STAMP_IRQHandler
                0x080009d0                CAN2_RX1_IRQHandler
                0x080009d0                EXTI3_IRQHandler
                0x080009d0                TIM8_TRG_COM_TIM14_IRQHandler
                0x080009d0                TIM1_UP_TIM10_IRQHandler
                0x080009d0                TIM8_UP_TIM13_IRQHandler
                0x080009d0                I2C3_ER_IRQHandler
                0x080009d0                EXTI0_IRQHandler
                0x080009d0                I2C2_EV_IRQHandler
                0x080009d0                DMA1_Stream2_IRQHandler
                0x080009d0                CAN1_RX0_IRQHandler
                0x080009d0                FPU_IRQHandler
                0x080009d0                OTG_HS_WKUP_IRQHandler
                0x080009d0                CAN2_SCE_IRQHandler
                0x080009d0                DMA2_Stream2_IRQHandler
                0x080009d0                SPI1_IRQHandler
                0x080009d0                TIM6_DAC_IRQHandler
                0x080009d0                TIM1_BRK_TIM9_IRQHandler
                0x080009d0                DCMI_IRQHandler
                0x080009d0                CAN2_RX0_IRQHandler
                0x080009d0                DMA2_Stream3_IRQHandler
                0x080009d0                USART6_IRQHandler
                0x080009d0                USART3_IRQHandler
                0x080009d0                CAN1_RX1_IRQHandler
                0x080009d0                UART5_IRQHandler
                0x080009d0                TIM4_IRQHandler
                0x080009d0                I2C1_EV_IRQHandler
                0x080009d0                DMA1_Stream6_IRQHandler
                0x080009d0                DMA1_Stream1_IRQHandler
                0x080009d0                UART4_IRQHandler
                0x080009d0                TIM3_IRQHandler
                0x080009d0                RCC_IRQHandler
                0x080009d0                TIM8_BRK_TIM12_IRQHandler
                0x080009d0                Default_Handler
                0x080009d0                EXTI15_10_IRQHandler
                0x080009d0                ADC_IRQHandler
                0x080009d0                DMA1_Stream7_IRQHandler
                0x080009d0                TIM7_IRQHandler
                0x080009d0                CAN2_TX_IRQHandler
                0x080009d0                TIM5_IRQHandler
                0x080009d0                DMA2_Stream7_IRQHandler
                0x080009d0                I2C3_EV_IRQHandler
                0x080009d0                EXTI9_5_IRQHandler
                0x080009d0                RTC_WKUP_IRQHandler
                0x080009d0                ETH_WKUP_IRQHandler
                0x080009d0                SPI2_IRQHandler
                0x080009d0                OTG_HS_EP1_IN_IRQHandler
                0x080009d0                DMA1_Stream0_IRQHandler
                0x080009d0                CAN1_TX_IRQHandler
                0x080009d0                EXTI4_IRQHandler
                0x080009d0                FSMC_IRQHandler
                0x080009d0                ETH_IRQHandler
                0x080009d0                OTG_HS_EP1_OUT_IRQHandler
                0x080009d0                WWDG_IRQHandler
                0x080009d0                TIM2_IRQHandler
                0x080009d0                OTG_FS_WKUP_IRQHandler
                0x080009d0                TIM1_TRG_COM_TIM11_IRQHandler
                0x080009d0                OTG_HS_IRQHandler
                0x080009d0                EXTI1_IRQHandler
                0x080009d0                USART2_IRQHandler
                0x080009d0                I2C2_ER_IRQHandler
                0x080009d0                DMA2_Stream1_IRQHandler
                0x080009d0                CAN1_SCE_IRQHandler
                0x080009d0                FLASH_IRQHandler
                0x080009d0                DMA2_Stream4_IRQHandler
                0x080009d0                OTG_FS_IRQHandler
                0x080009d0                SPI3_IRQHandler
                0x080009d0                DMA1_Stream4_IRQHandler
                0x080009d0                I2C1_ER_IRQHandler
                0x080009d0                DMA2_Stream6_IRQHandler
                0x080009d0                DMA1_Stream3_IRQHandler
 *fill*         0x080009d2        0x2 
 .text.Scope_SetRunning
                0x080009d4       0x68 USER/main.o
                0x080009d4                Scope_SetRunning
 .text.Signal_SetWave
                0x08000a3c       0x38 USER/main.o
                0x08000a3c                Signal_SetWave
 .text.Signal_SetRunning
                0x08000a74       0x40 USER/main.o
                0x08000a74                Signal_SetRunning
 .text.SendDataPacket
                0x08000ab4       0xbc USER/main.o
                0x08000ab4                SendDataPacket
 .text.SendStatus
                0x08000b70       0x34 USER/main.o
                0x08000b70                SendStatus
 .text.ProcessCommand
                0x08000ba4       0x88 USER/main.o
                0x08000ba4                ProcessCommand
 .text.main     0x08000c2c      0x100 USER/main.o
                0x08000c2c                main
 .text.NMI_Handler
                0x08000d2c        0xc USER/stm32f4xx_it.o
                0x08000d2c                NMI_Handler
 .text.HardFault_Handler
                0x08000d38        0x8 USER/stm32f4xx_it.o
                0x08000d38                HardFault_Handler
 .text.MemManage_Handler
                0x08000d40        0x8 USER/stm32f4xx_it.o
                0x08000d40                MemManage_Handler
 .text.BusFault_Handler
                0x08000d48        0x8 USER/stm32f4xx_it.o
                0x08000d48                BusFault_Handler
 .text.UsageFault_Handler
                0x08000d50        0x8 USER/stm32f4xx_it.o
                0x08000d50                UsageFault_Handler
 .text.SVC_Handler
                0x08000d58        0xc USER/stm32f4xx_it.o
                0x08000d58                SVC_Handler
 .text.DebugMon_Handler
                0x08000d64        0xc USER/stm32f4xx_it.o
                0x08000d64                DebugMon_Handler
 .text.PendSV_Handler
                0x08000d70        0xc USER/stm32f4xx_it.o
                0x08000d70                PendSV_Handler
 .text.SysTick_Handler
                0x08000d7c        0xc USER/stm32f4xx_it.o
                0x08000d7c                SysTick_Handler
 .text.DMA2_Stream0_IRQHandler
                0x08000d88       0x14 USER/stm32f4xx_it.o
                0x08000d88                DMA2_Stream0_IRQHandler
 .text.SystemInit
                0x08000d9c       0x6c USER/system_stm32f4xx.o
                0x08000d9c                SystemInit
 .text.HAL_Init
                0x08000e08       0x38 HALLIB/STM32F4xx_HAL_Driver/Src/stm32f4xx_hal.o
                0x08000e08                HAL_Init
 .text.HAL_MspInit
                0x08000e40        0xc HALLIB/STM32F4xx_HAL_Driver/Src/stm32f4xx_hal.o
                0x08000e40                HAL_MspInit
 .text.HAL_InitTick
                0x08000e4c       0x38 HALLIB/STM32F4xx_HAL_Driver/Src/stm32f4xx_hal.o
                0x08000e4c                HAL_InitTick
 .text.HAL_IncTick
                0x08000e84       0x1c HALLIB/STM32F4xx_HAL_Driver/Src/stm32f4xx_hal.o
                0x08000e84                HAL_IncTick
 .text.HAL_GetTick
                0x08000ea0       0x14 HALLIB/STM32F4xx_HAL_Driver/Src/stm32f4xx_hal.o
                0x08000ea0                HAL_GetTick
 .text.HAL_GetREVID
                0x08000eb4       0x18 HALLIB/STM32F4xx_HAL_Driver/Src/stm32f4xx_hal.o
                0x08000eb4                HAL_GetREVID
 .text.HAL_ADC_Init
                0x08000ecc       0x86 HALLIB/STM32F4xx_HAL_Driver/Src/stm32f4xx_hal_adc.o
                0x08000ecc                HAL_ADC_Init
 *fill*         0x08000f52        0x2 
 .text.HAL_ADC_Start_DMA
                0x08000f54      0x1a4 HALLIB/STM32F4xx_HAL_Driver/Src/stm32f4xx_hal_adc.o
                0x08000f54                HAL_ADC_Start_DMA
 .text.HAL_ADC_Stop_DMA
                0x080010f8       0x94 HALLIB/STM32F4xx_HAL_Driver/Src/stm32f4xx_hal_adc.o
                0x080010f8                HAL_ADC_Stop_DMA
 .text.HAL_ADC_ConvCpltCallback
                0x0800118c       0x12 HALLIB/STM32F4xx_HAL_Driver/Src/stm32f4xx_hal_adc.o
                0x0800118c                HAL_ADC_ConvCpltCallback
 .text.HAL_ADC_ConvHalfCpltCallback
                0x0800119e       0x12 HALLIB/STM32F4xx_HAL_Driver/Src/stm32f4xx_hal_adc.o
                0x0800119e                HAL_ADC_ConvHalfCpltCallback
 .text.HAL_ADC_ErrorCallback
                0x080011b0       0x12 HALLIB/STM32F4xx_HAL_Driver/Src/stm32f4xx_hal_adc.o
                0x080011b0                HAL_ADC_ErrorCallback
 *fill*         0x080011c2        0x2 
 .text.HAL_ADC_ConfigChannel
                0x080011c4      0x248 HALLIB/STM32F4xx_HAL_Driver/Src/stm32f4xx_hal_adc.o
                0x080011c4                HAL_ADC_ConfigChannel
 .text.ADC_Init
                0x0800140c      0x218 HALLIB/STM32F4xx_HAL_Driver/Src/stm32f4xx_hal_adc.o
 .text.ADC_DMAConvCplt
                0x08001624       0xa6 HALLIB/STM32F4xx_HAL_Driver/Src/stm32f4xx_hal_adc.o
 .text.ADC_DMAHalfConvCplt
                0x080016ca       0x1c HALLIB/STM32F4xx_HAL_Driver/Src/stm32f4xx_hal_adc.o
 .text.ADC_DMAError
                0x080016e6       0x2e HALLIB/STM32F4xx_HAL_Driver/Src/stm32f4xx_hal_adc.o
 .text.HAL_DAC_Init
                0x08001714       0x44 HALLIB/STM32F4xx_HAL_Driver/Src/stm32f4xx_hal_dac.o
                0x08001714                HAL_DAC_Init
 .text.HAL_DAC_Start_DMA
                0x08001758      0x178 HALLIB/STM32F4xx_HAL_Driver/Src/stm32f4xx_hal_dac.o
                0x08001758                HAL_DAC_Start_DMA
 .text.HAL_DAC_Stop_DMA
                0x080018d0       0x82 HALLIB/STM32F4xx_HAL_Driver/Src/stm32f4xx_hal_dac.o
                0x080018d0                HAL_DAC_Stop_DMA
 .text.HAL_DAC_ConvCpltCallbackCh1
                0x08001952       0x12 HALLIB/STM32F4xx_HAL_Driver/Src/stm32f4xx_hal_dac.o
                0x08001952                HAL_DAC_ConvCpltCallbackCh1
 .text.HAL_DAC_ConvHalfCpltCallbackCh1
                0x08001964       0x12 HALLIB/STM32F4xx_HAL_Driver/Src/stm32f4xx_hal_dac.o
                0x08001964                HAL_DAC_ConvHalfCpltCallbackCh1
 .text.HAL_DAC_ErrorCallbackCh1
                0x08001976       0x12 HALLIB/STM32F4xx_HAL_Driver/Src/stm32f4xx_hal_dac.o
                0x08001976                HAL_DAC_ErrorCallbackCh1
 .text.HAL_DAC_ConfigChannel
                0x08001988       0x98 HALLIB/STM32F4xx_HAL_Driver/Src/stm32f4xx_hal_dac.o
                0x08001988                HAL_DAC_ConfigChannel
 .text.DAC_DMAConvCpltCh1
                0x08001a20       0x22 HALLIB/STM32F4xx_HAL_Driver/Src/stm32f4xx_hal_dac.o
 .text.DAC_DMAHalfConvCpltCh1
                0x08001a42       0x1c HALLIB/STM32F4xx_HAL_Driver/Src/stm32f4xx_hal_dac.o
 .text.DAC_DMAErrorCh1
                0x08001a5e       0x2e HALLIB/STM32F4xx_HAL_Driver/Src/stm32f4xx_hal_dac.o
 .text.HAL_DACEx_ConvCpltCallbackCh2
                0x08001a8c       0x12 HALLIB/STM32F4xx_HAL_Driver/Src/stm32f4xx_hal_dac_ex.o
                0x08001a8c                HAL_DACEx_ConvCpltCallbackCh2
 .text.HAL_DACEx_ConvHalfCpltCallbackCh2
                0x08001a9e       0x12 HALLIB/STM32F4xx_HAL_Driver/Src/stm32f4xx_hal_dac_ex.o
                0x08001a9e                HAL_DACEx_ConvHalfCpltCallbackCh2
 .text.HAL_DACEx_ErrorCallbackCh2
                0x08001ab0       0x12 HALLIB/STM32F4xx_HAL_Driver/Src/stm32f4xx_hal_dac_ex.o
                0x08001ab0                HAL_DACEx_ErrorCallbackCh2
 .text.DAC_DMAConvCpltCh2
                0x08001ac2       0x22 HALLIB/STM32F4xx_HAL_Driver/Src/stm32f4xx_hal_dac_ex.o
                0x08001ac2                DAC_DMAConvCpltCh2
 .text.DAC_DMAHalfConvCpltCh2
                0x08001ae4       0x1c HALLIB/STM32F4xx_HAL_Driver/Src/stm32f4xx_hal_dac_ex.o
                0x08001ae4                DAC_DMAHalfConvCpltCh2
 .text.DAC_DMAErrorCh2
                0x08001b00       0x2e HALLIB/STM32F4xx_HAL_Driver/Src/stm32f4xx_hal_dac_ex.o
                0x08001b00                DAC_DMAErrorCh2
 .text.HAL_UART_Init
                0x08001b2e       0x9a HALLIB/STM32F4xx_HAL_Driver/Src/stm32f4xx_hal_uart.o
                0x08001b2e                HAL_UART_Init
 .text.HAL_UART_Transmit
                0x08001bc8      0x132 HALLIB/STM32F4xx_HAL_Driver/Src/stm32f4xx_hal_uart.o
                0x08001bc8                HAL_UART_Transmit
 .text.HAL_UART_Receive_IT
                0x08001cfa       0x98 HALLIB/STM32F4xx_HAL_Driver/Src/stm32f4xx_hal_uart.o
                0x08001cfa                HAL_UART_Receive_IT
 *fill*         0x08001d92        0x2 
 .text.HAL_UART_IRQHandler
                0x08001d94      0x1f0 HALLIB/STM32F4xx_HAL_Driver/Src/stm32f4xx_hal_uart.o
                0x08001d94                HAL_UART_IRQHandler
 .text.HAL_UART_TxCpltCallback
                0x08001f84       0x12 HALLIB/STM32F4xx_HAL_Driver/Src/stm32f4xx_hal_uart.o
                0x08001f84                HAL_UART_TxCpltCallback
 .text.HAL_UART_ErrorCallback
                0x08001f96       0x12 HALLIB/STM32F4xx_HAL_Driver/Src/stm32f4xx_hal_uart.o
                0x08001f96                HAL_UART_ErrorCallback
 .text.UART_WaitOnFlagUntilTimeout
                0x08001fa8       0x94 HALLIB/STM32F4xx_HAL_Driver/Src/stm32f4xx_hal_uart.o
 .text.UART_EndRxTransfer
                0x0800203c       0x3a HALLIB/STM32F4xx_HAL_Driver/Src/stm32f4xx_hal_uart.o
 .text.UART_DMAAbortOnError
                0x08002076       0x28 HALLIB/STM32F4xx_HAL_Driver/Src/stm32f4xx_hal_uart.o
 .text.UART_Transmit_IT
                0x0800209e       0xaa HALLIB/STM32F4xx_HAL_Driver/Src/stm32f4xx_hal_uart.o
 .text.UART_EndTransmit_IT
                0x08002148       0x30 HALLIB/STM32F4xx_HAL_Driver/Src/stm32f4xx_hal_uart.o
 .text.UART_Receive_IT
                0x08002178       0xf2 HALLIB/STM32F4xx_HAL_Driver/Src/stm32f4xx_hal_uart.o
 *fill*         0x0800226a        0x2 
 .text.UART_SetConfig
                0x0800226c      0x438 HALLIB/STM32F4xx_HAL_Driver/Src/stm32f4xx_hal_uart.o
 .text.HAL_TIM_Base_Init
                0x080026a4       0x56 HALLIB/STM32F4xx_HAL_Driver/Src/stm32f4xx_hal_tim.o
                0x080026a4                HAL_TIM_Base_Init
 .text.HAL_TIM_Base_Start
                0x080026fa       0x34 HALLIB/STM32F4xx_HAL_Driver/Src/stm32f4xx_hal_tim.o
                0x080026fa                HAL_TIM_Base_Start
 .text.HAL_TIM_Base_Stop
                0x0800272e       0x54 HALLIB/STM32F4xx_HAL_Driver/Src/stm32f4xx_hal_tim.o
                0x0800272e                HAL_TIM_Base_Stop
 *fill*         0x08002782        0x2 
 .text.TIM_Base_SetConfig
                0x08002784      0x150 HALLIB/STM32F4xx_HAL_Driver/Src/stm32f4xx_hal_tim.o
                0x08002784                TIM_Base_SetConfig
 .text.HAL_TIMEx_MasterConfigSynchronization
                0x080028d4       0x88 HALLIB/STM32F4xx_HAL_Driver/Src/stm32f4xx_hal_tim_ex.o
                0x080028d4                HAL_TIMEx_MasterConfigSynchronization
 .text.HAL_DMA_Init
                0x0800295c      0x15c HALLIB/STM32F4xx_HAL_Driver/Src/stm32f4xx_hal_dma.o
                0x0800295c                HAL_DMA_Init
 .text.HAL_DMA_Start_IT
                0x08002ab8       0xc0 HALLIB/STM32F4xx_HAL_Driver/Src/stm32f4xx_hal_dma.o
                0x08002ab8                HAL_DMA_Start_IT
 .text.HAL_DMA_Abort
                0x08002b78       0xe0 HALLIB/STM32F4xx_HAL_Driver/Src/stm32f4xx_hal_dma.o
                0x08002b78                HAL_DMA_Abort
 .text.HAL_DMA_Abort_IT
                0x08002c58       0x42 HALLIB/STM32F4xx_HAL_Driver/Src/stm32f4xx_hal_dma.o
                0x08002c58                HAL_DMA_Abort_IT
 *fill*         0x08002c9a        0x2 
 .text.HAL_DMA_IRQHandler
                0x08002c9c      0x31c HALLIB/STM32F4xx_HAL_Driver/Src/stm32f4xx_hal_dma.o
                0x08002c9c                HAL_DMA_IRQHandler
 .text.DMA_SetConfig
                0x08002fb8       0x5a HALLIB/STM32F4xx_HAL_Driver/Src/stm32f4xx_hal_dma.o
 *fill*         0x08003012        0x2 
 .text.DMA_CalcBaseAndBitshift
                0x08003014       0x68 HALLIB/STM32F4xx_HAL_Driver/Src/stm32f4xx_hal_dma.o
 .text.DMA_CheckFifoParam
                0x0800307c      0x10a HALLIB/STM32F4xx_HAL_Driver/Src/stm32f4xx_hal_dma.o
 *fill*         0x08003186        0x2 
 .text.HAL_RCC_OscConfig
                0x08003188      0x4f8 HALLIB/STM32F4xx_HAL_Driver/Src/stm32f4xx_hal_rcc.o
                0x08003188                HAL_RCC_OscConfig
 .text.HAL_RCC_ClockConfig
                0x08003680      0x234 HALLIB/STM32F4xx_HAL_Driver/Src/stm32f4xx_hal_rcc.o
                0x08003680                HAL_RCC_ClockConfig
 .text.HAL_RCC_GetSysClockFreq
                0x080038b4      0x130 HALLIB/STM32F4xx_HAL_Driver/Src/stm32f4xx_hal_rcc.o
                0x080038b4                HAL_RCC_GetSysClockFreq
 .text.HAL_RCC_GetHCLKFreq
                0x080039e4       0x14 HALLIB/STM32F4xx_HAL_Driver/Src/stm32f4xx_hal_rcc.o
                0x080039e4                HAL_RCC_GetHCLKFreq
 .text.HAL_RCC_GetPCLK1Freq
                0x080039f8       0x54 HALLIB/STM32F4xx_HAL_Driver/Src/stm32f4xx_hal_rcc.o
                0x080039f8                HAL_RCC_GetPCLK1Freq
 .text.HAL_RCC_GetPCLK2Freq
                0x08003a4c       0x54 HALLIB/STM32F4xx_HAL_Driver/Src/stm32f4xx_hal_rcc.o
                0x08003a4c                HAL_RCC_GetPCLK2Freq
 .text.HAL_GPIO_Init
                0x08003aa0      0x334 HALLIB/STM32F4xx_HAL_Driver/Src/stm32f4xx_hal_gpio.o
                0x08003aa0                HAL_GPIO_Init
 .text.HAL_GPIO_ReadPin
                0x08003dd4       0x2e HALLIB/STM32F4xx_HAL_Driver/Src/stm32f4xx_hal_gpio.o
                0x08003dd4                HAL_GPIO_ReadPin
 .text.HAL_GPIO_WritePin
                0x08003e02       0x30 HALLIB/STM32F4xx_HAL_Driver/Src/stm32f4xx_hal_gpio.o
                0x08003e02                HAL_GPIO_WritePin
 *fill*         0x08003e32        0x2 
 .text.NVIC_SetPriorityGrouping
                0x08003e34       0x48 HALLIB/STM32F4xx_HAL_Driver/Src/stm32f4xx_hal_cortex.o
 .text.NVIC_GetPriorityGrouping
                0x08003e7c       0x1c HALLIB/STM32F4xx_HAL_Driver/Src/stm32f4xx_hal_cortex.o
 .text.NVIC_EnableIRQ
                0x08003e98       0x30 HALLIB/STM32F4xx_HAL_Driver/Src/stm32f4xx_hal_cortex.o
 .text.NVIC_DisableIRQ
                0x08003ec8       0x34 HALLIB/STM32F4xx_HAL_Driver/Src/stm32f4xx_hal_cortex.o
 .text.NVIC_SetPriority
                0x08003efc       0x54 HALLIB/STM32F4xx_HAL_Driver/Src/stm32f4xx_hal_cortex.o
 .text.NVIC_EncodePriority
                0x08003f50       0x6e HALLIB/STM32F4xx_HAL_Driver/Src/stm32f4xx_hal_cortex.o
 *fill*         0x08003fbe        0x2 
 .text.SysTick_Config
                0x08003fc0       0x44 HALLIB/STM32F4xx_HAL_Driver/Src/stm32f4xx_hal_cortex.o
 .text.HAL_NVIC_SetPriorityGrouping
                0x08004004       0x16 HALLIB/STM32F4xx_HAL_Driver/Src/stm32f4xx_hal_cortex.o
                0x08004004                HAL_NVIC_SetPriorityGrouping
 .text.HAL_NVIC_SetPriority
                0x0800401a       0x38 HALLIB/STM32F4xx_HAL_Driver/Src/stm32f4xx_hal_cortex.o
                0x0800401a                HAL_NVIC_SetPriority
 .text.HAL_NVIC_EnableIRQ
                0x08004052       0x1c HALLIB/STM32F4xx_HAL_Driver/Src/stm32f4xx_hal_cortex.o
                0x08004052                HAL_NVIC_EnableIRQ
 .text.HAL_NVIC_DisableIRQ
                0x0800406e       0x1c HALLIB/STM32F4xx_HAL_Driver/Src/stm32f4xx_hal_cortex.o
                0x0800406e                HAL_NVIC_DisableIRQ
 .text.HAL_SYSTICK_Config
                0x0800408a       0x18 HALLIB/STM32F4xx_HAL_Driver/Src/stm32f4xx_hal_cortex.o
                0x0800408a                HAL_SYSTICK_Config
 *fill*         0x080040a2        0x2 
 .text.HAL_SYSTICK_CLKSourceConfig
                0x080040a4       0x38 HALLIB/STM32F4xx_HAL_Driver/Src/stm32f4xx_hal_cortex.o
                0x080040a4                HAL_SYSTICK_CLKSourceConfig
 .text.Stm32_Clock_Init
                0x080040dc       0xf0 SYSTEM/sys/sys.o
                0x080040dc                Stm32_Clock_Init
 .text.delay_init
                0x080041cc       0x24 SYSTEM/delay/delay.o
                0x080041cc                delay_init
 .text.delay_us
                0x080041f0       0x7c SYSTEM/delay/delay.o
                0x080041f0                delay_us
 .text.delay_ms
                0x0800426c       0x30 SYSTEM/delay/delay.o
                0x0800426c                delay_ms
 .text.uart_init
                0x0800429c       0x58 SYSTEM/usart/usart.o
                0x0800429c                uart_init
 .text.HAL_UART_MspInit
                0x080042f4       0xa4 SYSTEM/usart/usart.o
                0x080042f4                HAL_UART_MspInit
 .text.HAL_UART_RxCpltCallback
                0x08004398       0x4c SYSTEM/usart/usart.o
                0x08004398                HAL_UART_RxCpltCallback
 .text.USART1_IRQHandler
                0x080043e4       0x20 SYSTEM/usart/usart.o
                0x080043e4                USART1_IRQHandler
 .text.LED_Init
                0x08004404       0x68 HARDWARE/LED/led.o
                0x08004404                LED_Init
 .text.KEY_Init
                0x0800446c       0x8c HARDWARE/KEY/key.o
                0x0800446c                KEY_Init
 .text.KEY_Scan
                0x080044f8       0xa8 HARDWARE/KEY/key.o
                0x080044f8                KEY_Scan
 .text.MX_TIM3_Init
                0x080045a0       0x58 HARDWARE/ADC/adc.o
                0x080045a0                MX_TIM3_Init
 .text.HAL_TIM_Base_MspInit
                0x080045f8       0x6c HARDWARE/ADC/adc.o
                0x080045f8                HAL_TIM_Base_MspInit
 .text.MY_ADC_Init
                0x08004664      0x114 HARDWARE/ADC/adc.o
                0x08004664                MY_ADC_Init
 .text.HAL_ADC_MspInit
                0x08004778       0x84 HARDWARE/ADC/adc.o
                0x08004778                HAL_ADC_MspInit
 .text.ADC_Start
                0x080047fc       0x34 HARDWARE/ADC/adc.o
                0x080047fc                ADC_Start
 .text.ADC_Stop
                0x08004830       0x1c HARDWARE/ADC/adc.o
                0x08004830                ADC_Stop
 .text.ADC_GetBuffer
                0x0800484c       0x14 HARDWARE/ADC/adc.o
                0x0800484c                ADC_GetBuffer
 .text.ADC_GetBufferSize
                0x08004860       0x10 HARDWARE/ADC/adc.o
                0x08004860                ADC_GetBufferSize
 .text.GenerateWaveforms
                0x08004870      0x138 HARDWARE/DAC/dac.o
                0x08004870                GenerateWaveforms
 .text.MX_TIM6_Init
                0x080049a8       0x70 HARDWARE/DAC/dac.o
                0x080049a8                MX_TIM6_Init
 .text.MY_DAC_Init
                0x08004a18       0x44 HARDWARE/DAC/dac.o
                0x08004a18                MY_DAC_Init
 .text.HAL_DAC_MspInit
                0x08004a5c       0xec HARDWARE/DAC/dac.o
                0x08004a5c                HAL_DAC_MspInit
 .text.DMA1_Stream5_IRQHandler
                0x08004b48       0x14 HARDWARE/DAC/dac.o
                0x08004b48                DMA1_Stream5_IRQHandler
 .text.DAC_StartWave
                0x08004b5c       0x78 HARDWARE/DAC/dac.o
                0x08004b5c                DAC_StartWave
 .text.DAC_StopWave
                0x08004bd4       0x20 HARDWARE/DAC/dac.o
                0x08004bd4                DAC_StopWave
 .text.__libc_init_array
                0x08004bf4       0x4c C:/Users/Rose/Downloads/arm-gnu-toolchain-15.2.rel1-mingw-w64-x86_64-arm-none-eabi/bin/../lib/gcc/arm-none-eabi/15.2.1/../../../../arm-none-eabi/lib/thumb/v7e-m+fp/hard\libc.a(libc_a-init.o)
                0x08004bf4                __libc_init_array
 .text.__retarget_lock_acquire_recursive
                0x08004c40        0x4 C:/Users/Rose/Downloads/arm-gnu-toolchain-15.2.rel1-mingw-w64-x86_64-arm-none-eabi/bin/../lib/gcc/arm-none-eabi/15.2.1/../../../../arm-none-eabi/lib/thumb/v7e-m+fp/hard\libc.a(libc_a-lock.o)
                0x08004c40                __retarget_lock_acquire_recursive
 .text.__retarget_lock_release_recursive
                0x08004c44        0x4 C:/Users/Rose/Downloads/arm-gnu-toolchain-15.2.rel1-mingw-w64-x86_64-arm-none-eabi/bin/../lib/gcc/arm-none-eabi/15.2.1/../../../../arm-none-eabi/lib/thumb/v7e-m+fp/hard\libc.a(libc_a-lock.o)
                0x08004c44                __retarget_lock_release_recursive
 .text.startup.register_fini
                0x08004c48       0x14 C:/Users/Rose/Downloads/arm-gnu-toolchain-15.2.rel1-mingw-w64-x86_64-arm-none-eabi/bin/../lib/gcc/arm-none-eabi/15.2.1/../../../../arm-none-eabi/lib/thumb/v7e-m+fp/hard\libc.a(libc_a-__call_atexit.o)
 .text.atexit   0x08004c5c        0xc C:/Users/Rose/Downloads/arm-gnu-toolchain-15.2.rel1-mingw-w64-x86_64-arm-none-eabi/bin/../lib/gcc/arm-none-eabi/15.2.1/../../../../arm-none-eabi/lib/thumb/v7e-m+fp/hard\libc.a(libc_a-atexit.o)
                0x08004c5c                atexit
 .text.__libc_fini_array
                0x08004c68       0x28 C:/Users/Rose/Downloads/arm-gnu-toolchain-15.2.rel1-mingw-w64-x86_64-arm-none-eabi/bin/../lib/gcc/arm-none-eabi/15.2.1/../../../../arm-none-eabi/lib/thumb/v7e-m+fp/hard\libc.a(libc_a-fini.o)
                0x08004c68                __libc_fini_array
 .text.__register_exitproc
                0x08004c90       0x84 C:/Users/Rose/Downloads/arm-gnu-toolchain-15.2.rel1-mingw-w64-x86_64-arm-none-eabi/bin/../lib/gcc/arm-none-eabi/15.2.1/../../../../arm-none-eabi/lib/thumb/v7e-m+fp/hard\libc.a(libc_a-__atexit.o)
                0x08004c90                __register_exitproc
 *fill*         0x08004d14        0x4 
 .text.sin      0x08004d18       0x98 C:/Users/Rose/Downloads/arm-gnu-toolchain-15.2.rel1-mingw-w64-x86_64-arm-none-eabi/bin/../lib/gcc/arm-none-eabi/15.2.1/../../../../arm-none-eabi/lib/thumb/v7e-m+fp/hard\libm.a(libm_a-s_sin.o)
                0x08004d18                sin
 .text.__kernel_cos
                0x08004db0      0x27c C:/Users/Rose/Downloads/arm-gnu-toolchain-15.2.rel1-mingw-w64-x86_64-arm-none-eabi/bin/../lib/gcc/arm-none-eabi/15.2.1/../../../../arm-none-eabi/lib/thumb/v7e-m+fp/hard\libm.a(libm_a-k_cos.o)
                0x08004db0                __kernel_cos
 *fill*         0x0800502c        0x4 
 .text.__kernel_sin
                0x08005030      0x194 C:/Users/Rose/Downloads/arm-gnu-toolchain-15.2.rel1-mingw-w64-x86_64-arm-none-eabi/bin/../lib/gcc/arm-none-eabi/15.2.1/../../../../arm-none-eabi/lib/thumb/v7e-m+fp/hard\libm.a(libm_a-k_sin.o)
                0x08005030                __kernel_sin
 *fill*         0x080051c4        0x4 
 .text.__ieee754_rem_pio2
                0x080051c8      0x43c C:/Users/Rose/Downloads/arm-gnu-toolchain-15.2.rel1-mingw-w64-x86_64-arm-none-eabi/bin/../lib/gcc/arm-none-eabi/15.2.1/../../../../arm-none-eabi/lib/thumb/v7e-m+fp/hard\libm.a(libm_a-e_rem_pio2.o)
                0x080051c8                __ieee754_rem_pio2
 .text.fabs     0x08005604       0x14 C:/Users/Rose/Downloads/arm-gnu-toolchain-15.2.rel1-mingw-w64-x86_64-arm-none-eabi/bin/../lib/gcc/arm-none-eabi/15.2.1/../../../../arm-none-eabi/lib/thumb/v7e-m+fp/hard\libm.a(libm_a-s_fabs.o)
                0x08005604                fabs
 .text.__kernel_rem_pio2
                0x08005618      0x890 C:/Users/Rose/Downloads/arm-gnu-toolchain-15.2.rel1-mingw-w64-x86_64-arm-none-eabi/bin/../lib/gcc/arm-none-eabi/15.2.1/../../../../arm-none-eabi/lib/thumb/v7e-m+fp/hard\libm.a(libm_a-k_rem_pio2.o)
                0x08005618                __kernel_rem_pio2
 .text.scalbn   0x08005ea8      0x12c C:/Users/Rose/Downloads/arm-gnu-toolchain-15.2.rel1-mingw-w64-x86_64-arm-none-eabi/bin/../lib/gcc/arm-none-eabi/15.2.1/../../../../arm-none-eabi/lib/thumb/v7e-m+fp/hard\libm.a(libm_a-s_scalbn.o)
                0x08005ea8                scalbn
 *fill*         0x08005fd4        0x4 
 .text.floor    0x08005fd8      0x108 C:/Users/Rose/Downloads/arm-gnu-toolchain-15.2.rel1-mingw-w64-x86_64-arm-none-eabi/bin/../lib/gcc/arm-none-eabi/15.2.1/../../../../arm-none-eabi/lib/thumb/v7e-m+fp/hard\libm.a(libm_a-s_floor.o)
                0x08005fd8                floor
 *(.glue_7)
 .glue_7        0x080060e0        0x0 linker stubs
 *(.glue_7t)
 .glue_7t       0x080060e0        0x0 linker stubs
 *(.eh_frame)
 .eh_frame      0x080060e0        0x0 C:/Users/Rose/Downloads/arm-gnu-toolchain-15.2.rel1-mingw-w64-x86_64-arm-none-eabi/bin/../lib/gcc/arm-none-eabi/15.2.1/thumb/v7e-m+fp/hard/crtbegin.o
 *(.init)
 .init          0x080060e0        0x4 C:/Users/Rose/Downloads/arm-gnu-toolchain-15.2.rel1-mingw-w64-x86_64-arm-none-eabi/bin/../lib/gcc/arm-none-eabi/15.2.1/thumb/v7e-m+fp/hard/crti.o
                0x080060e0                _init
 .init          0x080060e4        0x8 C:/Users/Rose/Downloads/arm-gnu-toolchain-15.2.rel1-mingw-w64-x86_64-arm-none-eabi/bin/../lib/gcc/arm-none-eabi/15.2.1/thumb/v7e-m+fp/hard/crtn.o
 *(.fini)
 .fini          0x080060ec        0x4 C:/Users/Rose/Downloads/arm-gnu-toolchain-15.2.rel1-mingw-w64-x86_64-arm-none-eabi/bin/../lib/gcc/arm-none-eabi/15.2.1/thumb/v7e-m+fp/hard/crti.o
                0x080060ec                _fini
 .fini          0x080060f0        0x8 C:/Users/Rose/Downloads/arm-gnu-toolchain-15.2.rel1-mingw-w64-x86_64-arm-none-eabi/bin/../lib/gcc/arm-none-eabi/15.2.1/thumb/v7e-m+fp/hard/crtn.o
                0x080060f8                        . = ALIGN (0x4)
                0x080060f8                        _etext = .

.vfp11_veneer   0x080060f8        0x0
 .vfp11_veneer  0x080060f8        0x0 linker stubs

.v4_bx          0x080060f8        0x0
 .v4_bx         0x080060f8        0x0 linker stubs

.iplt           0x080060f8        0x0
 .iplt          0x080060f8        0x0 C:/Users/Rose/Downloads/arm-gnu-toolchain-15.2.rel1-mingw-w64-x86_64-arm-none-eabi/bin/../lib/gcc/arm-none-eabi/15.2.1/thumb/v7e-m+fp/hard/crtbegin.o

.rodata         0x080060f8      0x1f8
                0x080060f8                        . = ALIGN (0x4)
 *(.rodata)
 *(.rodata*)
 .rodata.AHBPrescTable
                0x080060f8       0x10 USER/system_stm32f4xx.o
                0x080060f8                AHBPrescTable
 .rodata.APBPrescTable
                0x08006108        0x8 USER/system_stm32f4xx.o
                0x08006108                APBPrescTable
 .rodata.flagBitshiftOffset.0
                0x08006110        0x8 HALLIB/STM32F4xx_HAL_Driver/Src/stm32f4xx_hal_dma.o
 .rodata.npio2_hw
                0x08006118       0x80 C:/Users/Rose/Downloads/arm-gnu-toolchain-15.2.rel1-mingw-w64-x86_64-arm-none-eabi/bin/../lib/gcc/arm-none-eabi/15.2.1/../../../../arm-none-eabi/lib/thumb/v7e-m+fp/hard\libm.a(libm_a-e_rem_pio2.o)
 .rodata.two_over_pi
                0x08006198      0x108 C:/Users/Rose/Downloads/arm-gnu-toolchain-15.2.rel1-mingw-w64-x86_64-arm-none-eabi/bin/../lib/gcc/arm-none-eabi/15.2.1/../../../../arm-none-eabi/lib/thumb/v7e-m+fp/hard\libm.a(libm_a-e_rem_pio2.o)
 .rodata.PIo2   0x080062a0       0x40 C:/Users/Rose/Downloads/arm-gnu-toolchain-15.2.rel1-mingw-w64-x86_64-arm-none-eabi/bin/../lib/gcc/arm-none-eabi/15.2.1/../../../../arm-none-eabi/lib/thumb/v7e-m+fp/hard\libm.a(libm_a-k_rem_pio2.o)
 .rodata.init_jk
                0x080062e0       0x10 C:/Users/Rose/Downloads/arm-gnu-toolchain-15.2.rel1-mingw-w64-x86_64-arm-none-eabi/bin/../lib/gcc/arm-none-eabi/15.2.1/../../../../arm-none-eabi/lib/thumb/v7e-m+fp/hard\libm.a(libm_a-k_rem_pio2.o)
                0x080062f0                        . = ALIGN (0x4)

.rel.dyn        0x080062f0        0x0
 .rel.iplt      0x080062f0        0x0 C:/Users/Rose/Downloads/arm-gnu-toolchain-15.2.rel1-mingw-w64-x86_64-arm-none-eabi/bin/../lib/gcc/arm-none-eabi/15.2.1/thumb/v7e-m+fp/hard/crtbegin.o

.ARM.extab
 *(.ARM.extab* .gnu.linkonce.armextab.*)

.ARM            0x080062f0        0x0
                0x080062f0                        __exidx_start = .
 *(.ARM.exidx*)
                0x080062f0                        __exidx_end = .

.preinit_array  0x080062f0        0x0
                0x080062f0                        PROVIDE (__preinit_array_start = .)
 *(.preinit_array*)
                0x080062f0                        PROVIDE (__preinit_array_end = .)

.init_array     0x080062f0        0x8
                0x080062f0                        PROVIDE (__init_array_start = .)
 *(SORT_BY_NAME(.init_array.*))
 .init_array.00000
                0x080062f0        0x4 C:/Users/Rose/Downloads/arm-gnu-toolchain-15.2.rel1-mingw-w64-x86_64-arm-none-eabi/bin/../lib/gcc/arm-none-eabi/15.2.1/../../../../arm-none-eabi/lib/thumb/v7e-m+fp/hard\libc.a(libc_a-__call_atexit.o)
 *(.init_array*)
 .init_array    0x080062f4        0x4 C:/Users/Rose/Downloads/arm-gnu-toolchain-15.2.rel1-mingw-w64-x86_64-arm-none-eabi/bin/../lib/gcc/arm-none-eabi/15.2.1/thumb/v7e-m+fp/hard/crtbegin.o
                0x080062f8                        PROVIDE (__init_array_end = .)

.fini_array     0x080062f8        0x4
                0x080062f8                        PROVIDE (__fini_array_start = .)
 *(SORT_BY_NAME(.fini_array.*))
 *(.fini_array*)
 .fini_array    0x080062f8        0x4 C:/Users/Rose/Downloads/arm-gnu-toolchain-15.2.rel1-mingw-w64-x86_64-arm-none-eabi/bin/../lib/gcc/arm-none-eabi/15.2.1/thumb/v7e-m+fp/hard/crtbegin.o
                0x080062fc                        PROVIDE (__fini_array_end = .)
                0x080062fc                        _sidata = LOADADDR (.data)

.data           0x20000000        0xc load address 0x080062fc
                0x20000000                        . = ALIGN (0x4)
                0x20000000                        _sdata = .
 *(.data)
 *(.data*)
 .data.SystemCoreClock
                0x20000000        0x4 USER/system_stm32f4xx.o
                0x20000000                SystemCoreClock
 .data.key_up.0
                0x20000004        0x1 HARDWARE/KEY/key.o
 *fill*         0x20000005        0x3 
 .data.__atexit_recursive_mutex
                0x20000008        0x4 C:/Users/Rose/Downloads/arm-gnu-toolchain-15.2.rel1-mingw-w64-x86_64-arm-none-eabi/bin/../lib/gcc/arm-none-eabi/15.2.1/../../../../arm-none-eabi/lib/thumb/v7e-m+fp/hard\libc.a(libc_a-__call_atexit.o)
                0x20000008                __atexit_recursive_mutex
                0x2000000c                        . = ALIGN (0x4)
                0x2000000c                        _edata = .

.tm_clone_table
                0x2000000c        0x0 load address 0x08006308
 .tm_clone_table
                0x2000000c        0x0 C:/Users/Rose/Downloads/arm-gnu-toolchain-15.2.rel1-mingw-w64-x86_64-arm-none-eabi/bin/../lib/gcc/arm-none-eabi/15.2.1/thumb/v7e-m+fp/hard/crtbegin.o
 .tm_clone_table
                0x2000000c        0x0 C:/Users/Rose/Downloads/arm-gnu-toolchain-15.2.rel1-mingw-w64-x86_64-arm-none-eabi/bin/../lib/gcc/arm-none-eabi/15.2.1/thumb/v7e-m+fp/hard/crtend.o

.igot.plt       0x2000000c        0x0 load address 0x08006308
 .igot.plt      0x2000000c        0x0 C:/Users/Rose/Downloads/arm-gnu-toolchain-15.2.rel1-mingw-w64-x86_64-arm-none-eabi/bin/../lib/gcc/arm-none-eabi/15.2.1/thumb/v7e-m+fp/hard/crtbegin.o
                0x2000000c                        . = ALIGN (0x4)

.bss            0x2000000c     0x3d70 load address 0x08006308
                0x2000000c                        _sbss = .
                0x2000000c                        __bss_start__ = _sbss
 *(.bss)
 *(.bss*)
 .bss.completed.1
                0x2000000c        0x1 C:/Users/Rose/Downloads/arm-gnu-toolchain-15.2.rel1-mingw-w64-x86_64-arm-none-eabi/bin/../lib/gcc/arm-none-eabi/15.2.1/thumb/v7e-m+fp/hard/crtbegin.o
 *fill*         0x2000000d        0x3 
 .bss.object.0  0x20000010       0x18 C:/Users/Rose/Downloads/arm-gnu-toolchain-15.2.rel1-mingw-w64-x86_64-arm-none-eabi/bin/../lib/gcc/arm-none-eabi/15.2.1/thumb/v7e-m+fp/hard/crtbegin.o
 .bss.g_osc_running
                0x20000028        0x1 USER/main.o
                0x20000028                g_osc_running
 .bss.g_signal_source
                0x20000029        0x1 USER/main.o
                0x20000029                g_signal_source
 .bss.g_sample_index
                0x2000002a        0x2 USER/main.o
                0x2000002a                g_sample_index
 .bss.g_wave_type
                0x2000002c        0x1 USER/main.o
                0x2000002c                g_wave_type
 *fill*         0x2000002d        0x3 
 .bss.g_tx_packet
                0x20000030      0x106 USER/main.o
                0x20000030                g_tx_packet
 *fill*         0x20000136        0x2 
 .bss.uwTick    0x20000138        0x4 HALLIB/STM32F4xx_HAL_Driver/Src/stm32f4xx_hal.o
                0x20000138                uwTick
 .bss.fac_us    0x2000013c        0x4 SYSTEM/delay/delay.o
 .bss.USART_RX_BUF
                0x20000140       0xc8 SYSTEM/usart/usart.o
                0x20000140                USART_RX_BUF
 .bss.USART_RX_STA
                0x20000208        0x2 SYSTEM/usart/usart.o
                0x20000208                USART_RX_STA
 *fill*         0x2000020a        0x2 
 .bss.aRxBuffer
                0x2000020c        0x1 SYSTEM/usart/usart.o
                0x2000020c                aRxBuffer
 *fill*         0x2000020d        0x3 
 .bss.UART1_Handler
                0x20000210       0x40 SYSTEM/usart/usart.o
                0x20000210                UART1_Handler
 .bss.ADC1_Handler
                0x20000250       0x48 HARDWARE/ADC/adc.o
                0x20000250                ADC1_Handler
 .bss.TIM3_Handler
                0x20000298       0x3c HARDWARE/ADC/adc.o
                0x20000298                TIM3_Handler
 .bss.DMA2_Stream0_Handler
                0x200002d4       0x60 HARDWARE/ADC/adc.o
                0x200002d4                DMA2_Stream0_Handler
 .bss.ADC_ConvertedValue
                0x20000334      0x800 HARDWARE/ADC/adc.o
                0x20000334                ADC_ConvertedValue
 .bss.DAC1_Handler
                0x20000b34       0x14 HARDWARE/DAC/dac.o
                0x20000b34                DAC1_Handler
 .bss.TIM6_Handler
                0x20000b48       0x3c HARDWARE/DAC/dac.o
                0x20000b48                TIM6_Handler
 .bss.DMA1_Stream5_Handler
                0x20000b84       0x60 HARDWARE/DAC/dac.o
                0x20000b84                DMA1_Stream5_Handler
 .bss.sine_wave
                0x20000be4     0x1000 HARDWARE/DAC/dac.o
                0x20000be4                sine_wave
 .bss.triangle_wave
                0x20001be4     0x1000 HARDWARE/DAC/dac.o
                0x20001be4                triangle_wave
 .bss.square_wave
                0x20002be4     0x1000 HARDWARE/DAC/dac.o
                0x20002be4                square_wave
 .bss.__lock___atexit_recursive_mutex
                0x20003be4        0x1 C:/Users/Rose/Downloads/arm-gnu-toolchain-15.2.rel1-mingw-w64-x86_64-arm-none-eabi/bin/../lib/gcc/arm-none-eabi/15.2.1/../../../../arm-none-eabi/lib/thumb/v7e-m+fp/hard\libc.a(libc_a-lock.o)
                0x20003be4                __lock___atexit_recursive_mutex
 *fill*         0x20003be5        0x3 
 .bss.__atexit  0x20003be8        0x4 C:/Users/Rose/Downloads/arm-gnu-toolchain-15.2.rel1-mingw-w64-x86_64-arm-none-eabi/bin/../lib/gcc/arm-none-eabi/15.2.1/../../../../arm-none-eabi/lib/thumb/v7e-m+fp/hard\libc.a(libc_a-__call_atexit.o)
                0x20003be8                __atexit
 .bss.__atexit0
                0x20003bec      0x190 C:/Users/Rose/Downloads/arm-gnu-toolchain-15.2.rel1-mingw-w64-x86_64-arm-none-eabi/bin/../lib/gcc/arm-none-eabi/15.2.1/../../../../arm-none-eabi/lib/thumb/v7e-m+fp/hard\libc.a(libc_a-__atexit.o)
                0x20003bec                __atexit0
 *(COMMON)
                0x20003d7c                        . = ALIGN (0x4)
                0x20003d7c                        _ebss = .
                0x20003d7c                        __bss_end__ = _ebss

._user_heap_stack
                0x20003d7c      0x600 load address 0x08006308
                0x20003d7c                        . = ALIGN (0x4)
                [!provide]                        PROVIDE (end = .)
                [!provide]                        PROVIDE (_end = .)
                0x20003f7c                        . = (. + _Min_Heap_Size)
 *fill*         0x20003d7c      0x200 
                0x2000437c                        . = (. + _Min_Stack_Size)
 *fill*         0x20003f7c      0x400 
                0x2000437c                        . = ALIGN (0x4)

/DISCARD/
 libc.a(*)
 libm.a(*)
 libgcc.a(*)

.ARM.attributes
                0x00000000       0x30
 *(.ARM.attributes)
 .ARM.attributes
                0x00000000       0x22 C:/Users/Rose/Downloads/arm-gnu-toolchain-15.2.rel1-mingw-w64-x86_64-arm-none-eabi/bin/../lib/gcc/arm-none-eabi/15.2.1/thumb/v7e-m+fp/hard/crti.o
 .ARM.attributes
                0x00000022       0x34 C:/Users/Rose/Downloads/arm-gnu-toolchain-15.2.rel1-mingw-w64-x86_64-arm-none-eabi/bin/../lib/gcc/arm-none-eabi/15.2.1/thumb/v7e-m+fp/hard/crtbegin.o
 .ARM.attributes
                0x00000056       0x21 CORE/startup_stm32f407xx_gcc.o
 .ARM.attributes
                0x00000077       0x34 USER/main.o
 .ARM.attributes
                0x000000ab       0x34 USER/stm32f4xx_it.o
 .ARM.attributes
                0x000000df       0x34 USER/system_stm32f4xx.o
 .ARM.attributes
                0x00000113       0x34 HALLIB/STM32F4xx_HAL_Driver/Src/stm32f4xx_hal.o
 .ARM.attributes
                0x00000147       0x34 HALLIB/STM32F4xx_HAL_Driver/Src/stm32f4xx_hal_adc.o
 .ARM.attributes
                0x0000017b       0x34 HALLIB/STM32F4xx_HAL_Driver/Src/stm32f4xx_hal_dac.o
 .ARM.attributes
                0x000001af       0x34 HALLIB/STM32F4xx_HAL_Driver/Src/stm32f4xx_hal_dac_ex.o
 .ARM.attributes
                0x000001e3       0x34 HALLIB/STM32F4xx_HAL_Driver/Src/stm32f4xx_hal_uart.o
 .ARM.attributes
                0x00000217       0x34 HALLIB/STM32F4xx_HAL_Driver/Src/stm32f4xx_hal_tim.o
 .ARM.attributes
                0x0000024b       0x34 HALLIB/STM32F4xx_HAL_Driver/Src/stm32f4xx_hal_tim_ex.o
 .ARM.attributes
                0x0000027f       0x34 HALLIB/STM32F4xx_HAL_Driver/Src/stm32f4xx_hal_dma.o
 .ARM.attributes
                0x000002b3       0x34 HALLIB/STM32F4xx_HAL_Driver/Src/stm32f4xx_hal_rcc.o
 .ARM.attributes
                0x000002e7       0x34 HALLIB/STM32F4xx_HAL_Driver/Src/stm32f4xx_hal_gpio.o
 .ARM.attributes
                0x0000031b       0x34 HALLIB/STM32F4xx_HAL_Driver/Src/stm32f4xx_hal_cortex.o
 .ARM.attributes
                0x0000034f       0x34 SYSTEM/sys/sys.o
 .ARM.attributes
                0x00000383       0x34 SYSTEM/delay/delay.o
 .ARM.attributes
                0x000003b7       0x34 SYSTEM/usart/usart.o
 .ARM.attributes
                0x000003eb       0x34 HARDWARE/LED/led.o
 .ARM.attributes
                0x0000041f       0x34 HARDWARE/KEY/key.o
 .ARM.attributes
                0x00000453       0x34 HARDWARE/ADC/adc.o
 .ARM.attributes
                0x00000487       0x34 HARDWARE/DAC/dac.o
 .ARM.attributes
                0x000004bb       0x22 C:/Users/Rose/Downloads/arm-gnu-toolchain-15.2.rel1-mingw-w64-x86_64-arm-none-eabi/bin/../lib/gcc/arm-none-eabi/15.2.1/thumb/v7e-m+fp/hard\libgcc.a(_arm_muldf3.o)
 .ARM.attributes
                0x000004dd       0x22 C:/Users/Rose/Downloads/arm-gnu-toolchain-15.2.rel1-mingw-w64-x86_64-arm-none-eabi/bin/../lib/gcc/arm-none-eabi/15.2.1/thumb/v7e-m+fp/hard\libgcc.a(_arm_addsubdf3.o)
 .ARM.attributes
                0x000004ff       0x22 C:/Users/Rose/Downloads/arm-gnu-toolchain-15.2.rel1-mingw-w64-x86_64-arm-none-eabi/bin/../lib/gcc/arm-none-eabi/15.2.1/thumb/v7e-m+fp/hard\libgcc.a(_arm_fixunsdfsi.o)
 .ARM.attributes
                0x00000521       0x34 C:/Users/Rose/Downloads/arm-gnu-toolchain-15.2.rel1-mingw-w64-x86_64-arm-none-eabi/bin/../lib/gcc/arm-none-eabi/15.2.1/../../../../arm-none-eabi/lib/thumb/v7e-m+fp/hard\libc.a(libc_a-init.o)
 .ARM.attributes
                0x00000555       0x34 C:/Users/Rose/Downloads/arm-gnu-toolchain-15.2.rel1-mingw-w64-x86_64-arm-none-eabi/bin/../lib/gcc/arm-none-eabi/15.2.1/../../../../arm-none-eabi/lib/thumb/v7e-m+fp/hard\libc.a(libc_a-lock.o)
 .ARM.attributes
                0x00000589       0x34 C:/Users/Rose/Downloads/arm-gnu-toolchain-15.2.rel1-mingw-w64-x86_64-arm-none-eabi/bin/../lib/gcc/arm-none-eabi/15.2.1/../../../../arm-none-eabi/lib/thumb/v7e-m+fp/hard\libc.a(libc_a-__call_atexit.o)
 .ARM.attributes
                0x000005bd       0x34 C:/Users/Rose/Downloads/arm-gnu-toolchain-15.2.rel1-mingw-w64-x86_64-arm-none-eabi/bin/../lib/gcc/arm-none-eabi/15.2.1/../../../../arm-none-eabi/lib/thumb/v7e-m+fp/hard\libc.a(libc_a-atexit.o)
 .ARM.attributes
                0x000005f1       0x34 C:/Users/Rose/Downloads/arm-gnu-toolchain-15.2.rel1-mingw-w64-x86_64-arm-none-eabi/bin/../lib/gcc/arm-none-eabi/15.2.1/../../../../arm-none-eabi/lib/thumb/v7e-m+fp/hard\libc.a(libc_a-fini.o)
 .ARM.attributes
                0x00000625       0x34 C:/Users/Rose/Downloads/arm-gnu-toolchain-15.2.rel1-mingw-w64-x86_64-arm-none-eabi/bin/../lib/gcc/arm-none-eabi/15.2.1/../../../../arm-none-eabi/lib/thumb/v7e-m+fp/hard\libc.a(libc_a-__atexit.o)
 .ARM.attributes
                0x00000659       0x34 C:/Users/Rose/Downloads/arm-gnu-toolchain-15.2.rel1-mingw-w64-x86_64-arm-none-eabi/bin/../lib/gcc/arm-none-eabi/15.2.1/thumb/v7e-m+fp/hard/crtend.o
 .ARM.attributes
                0x0000068d       0x22 C:/Users/Rose/Downloads/arm-gnu-toolchain-15.2.rel1-mingw-w64-x86_64-arm-none-eabi/bin/../lib/gcc/arm-none-eabi/15.2.1/thumb/v7e-m+fp/hard/crtn.o
OUTPUT(oscilloscope.elf elf32-littlearm)
LOAD linker stubs
LOAD C:/Users/Rose/Downloads/arm-gnu-toolchain-15.2.rel1-mingw-w64-x86_64-arm-none-eabi/bin/../lib/gcc/arm-none-eabi/15.2.1/../../../../arm-none-eabi/lib/thumb/v7e-m+fp/hard\libc.a
LOAD C:/Users/Rose/Downloads/arm-gnu-toolchain-15.2.rel1-mingw-w64-x86_64-arm-none-eabi/bin/../lib/gcc/arm-none-eabi/15.2.1/../../../../arm-none-eabi/lib/thumb/v7e-m+fp/hard\libm.a
LOAD C:/Users/Rose/Downloads/arm-gnu-toolchain-15.2.rel1-mingw-w64-x86_64-arm-none-eabi/bin/../lib/gcc/arm-none-eabi/15.2.1/thumb/v7e-m+fp/hard\libgcc.a

.debug_line     0x00000000    0x13463
 .debug_line    0x00000000       0x7a CORE/startup_stm32f407xx_gcc.o
 .debug_line    0x0000007a      0xb52 USER/main.o
 .debug_line    0x00000bcc      0x9f7 USER/stm32f4xx_it.o
 .debug_line    0x000015c3      0x9f2 USER/system_stm32f4xx.o
 .debug_line    0x00001fb5      0xc02 HALLIB/STM32F4xx_HAL_Driver/Src/stm32f4xx_hal.o
 .debug_line    0x00002bb7     0x1351 HALLIB/STM32F4xx_HAL_Driver/Src/stm32f4xx_hal_adc.o
 .debug_line    0x00003f08      0xd62 HALLIB/STM32F4xx_HAL_Driver/Src/stm32f4xx_hal_dac.o
 .debug_line    0x00004c6a      0xaad HALLIB/STM32F4xx_HAL_Driver/Src/stm32f4xx_hal_dac_ex.o
 .debug_line    0x00005717     0x1900 HALLIB/STM32F4xx_HAL_Driver/Src/stm32f4xx_hal_uart.o
 .debug_line    0x00007017     0x29dd HALLIB/STM32F4xx_HAL_Driver/Src/stm32f4xx_hal_tim.o
 .debug_line    0x000099f4     0x12f2 HALLIB/STM32F4xx_HAL_Driver/Src/stm32f4xx_hal_tim_ex.o
 .debug_line    0x0000ace6     0x11b0 HALLIB/STM32F4xx_HAL_Driver/Src/stm32f4xx_hal_dma.o
 .debug_line    0x0000be96     0x128d HALLIB/STM32F4xx_HAL_Driver/Src/stm32f4xx_hal_rcc.o
 .debug_line    0x0000d123      0xd85 HALLIB/STM32F4xx_HAL_Driver/Src/stm32f4xx_hal_gpio.o
 .debug_line    0x0000dea8      0xe93 HALLIB/STM32F4xx_HAL_Driver/Src/stm32f4xx_hal_cortex.o
 .debug_line    0x0000ed3b      0x9ed SYSTEM/sys/sys.o
 .debug_line    0x0000f728      0x9d5 SYSTEM/delay/delay.o
 .debug_line    0x000100fd      0xa48 SYSTEM/usart/usart.o
 .debug_line    0x00010b45      0x951 HARDWARE/LED/led.o
 .debug_line    0x00011496      0xa0a HARDWARE/KEY/key.o
 .debug_line    0x00011ea0      0xae8 HARDWARE/ADC/adc.o
 .debug_line    0x00012988      0xadb HARDWARE/DAC/dac.o

.debug_line_str
                0x00000000      0x158
 .debug_line_str
                0x00000000      0x158 CORE/startup_stm32f407xx_gcc.o
                                 0x86 (size before relaxing)
 .debug_line_str
                0x00000158        0x0 C:/Users/Rose/Downloads/arm-gnu-toolchain-15.2.rel1-mingw-w64-x86_64-arm-none-eabi/bin/../lib/gcc/arm-none-eabi/15.2.1/thumb/v7e-m+fp/hard\libgcc.a(_arm_muldf3.o)
                                 0xd2 (size before relaxing)
 .debug_line_str
                0x00000158        0x0 C:/Users/Rose/Downloads/arm-gnu-toolchain-15.2.rel1-mingw-w64-x86_64-arm-none-eabi/bin/../lib/gcc/arm-none-eabi/15.2.1/thumb/v7e-m+fp/hard\libgcc.a(_arm_addsubdf3.o)
                                 0xd2 (size before relaxing)
 .debug_line_str
                0x00000158        0x0 C:/Users/Rose/Downloads/arm-gnu-toolchain-15.2.rel1-mingw-w64-x86_64-arm-none-eabi/bin/../lib/gcc/arm-none-eabi/15.2.1/thumb/v7e-m+fp/hard\libgcc.a(_arm_fixunsdfsi.o)
                                 0xd2 (size before relaxing)

.debug_info     0x00000000     0xeb83
 .debug_info    0x00000000       0x30 CORE/startup_stm32f407xx_gcc.o
 .debug_info    0x00000030      0x8e2 USER/main.o
 .debug_info    0x00000912      0x3b5 USER/stm32f4xx_it.o
 .debug_info    0x00000cc7      0x51e USER/system_stm32f4xx.o
 .debug_info    0x000011e5      0x93d HALLIB/STM32F4xx_HAL_Driver/Src/stm32f4xx_hal.o
 .debug_info    0x00001b22      0xd3f HALLIB/STM32F4xx_HAL_Driver/Src/stm32f4xx_hal_adc.o
 .debug_info    0x00002861      0x9dc HALLIB/STM32F4xx_HAL_Driver/Src/stm32f4xx_hal_dac.o
 .debug_info    0x0000323d      0x6ec HALLIB/STM32F4xx_HAL_Driver/Src/stm32f4xx_hal_dac_ex.o
 .debug_info    0x00003929     0x11cf HALLIB/STM32F4xx_HAL_Driver/Src/stm32f4xx_hal_uart.o
 .debug_info    0x00004af8     0x21e2 HALLIB/STM32F4xx_HAL_Driver/Src/stm32f4xx_hal_tim.o
 .debug_info    0x00006cda     0x102d HALLIB/STM32F4xx_HAL_Driver/Src/stm32f4xx_hal_tim_ex.o
 .debug_info    0x00007d07      0x8f3 HALLIB/STM32F4xx_HAL_Driver/Src/stm32f4xx_hal_dma.o
 .debug_info    0x000085fa      0xc82 HALLIB/STM32F4xx_HAL_Driver/Src/stm32f4xx_hal_rcc.o
 .debug_info    0x0000927c      0x6bd HALLIB/STM32F4xx_HAL_Driver/Src/stm32f4xx_hal_gpio.o
 .debug_info    0x00009939      0xd29 HALLIB/STM32F4xx_HAL_Driver/Src/stm32f4xx_hal_cortex.o
 .debug_info    0x0000a662      0x5e4 SYSTEM/sys/sys.o
 .debug_info    0x0000ac46      0x221 SYSTEM/delay/delay.o
 .debug_info    0x0000ae67     0x1393 SYSTEM/usart/usart.o
 .debug_info    0x0000c1fa      0x3c1 HARDWARE/LED/led.o
 .debug_info    0x0000c5bb      0x456 HARDWARE/KEY/key.o
 .debug_info    0x0000ca11     0x113b HARDWARE/ADC/adc.o
 .debug_info    0x0000db4c     0x1037 HARDWARE/DAC/dac.o

.debug_abbrev   0x00000000     0x2f5e
 .debug_abbrev  0x00000000       0x24 CORE/startup_stm32f407xx_gcc.o
 .debug_abbrev  0x00000024      0x265 USER/main.o
 .debug_abbrev  0x00000289      0x16f USER/stm32f4xx_it.o
 .debug_abbrev  0x000003f8      0x120 USER/system_stm32f4xx.o
 .debug_abbrev  0x00000518      0x2a7 HALLIB/STM32F4xx_HAL_Driver/Src/stm32f4xx_hal.o
 .debug_abbrev  0x000007bf      0x2ba HALLIB/STM32F4xx_HAL_Driver/Src/stm32f4xx_hal_adc.o
 .debug_abbrev  0x00000a79      0x223 HALLIB/STM32F4xx_HAL_Driver/Src/stm32f4xx_hal_dac.o
 .debug_abbrev  0x00000c9c      0x1cf HALLIB/STM32F4xx_HAL_Driver/Src/stm32f4xx_hal_dac_ex.o
 .debug_abbrev  0x00000e6b      0x29e HALLIB/STM32F4xx_HAL_Driver/Src/stm32f4xx_hal_uart.o
 .debug_abbrev  0x00001109      0x28a HALLIB/STM32F4xx_HAL_Driver/Src/stm32f4xx_hal_tim.o
 .debug_abbrev  0x00001393      0x262 HALLIB/STM32F4xx_HAL_Driver/Src/stm32f4xx_hal_tim_ex.o
 .debug_abbrev  0x000015f5      0x26a HALLIB/STM32F4xx_HAL_Driver/Src/stm32f4xx_hal_dma.o
 .debug_abbrev  0x0000185f      0x339 HALLIB/STM32F4xx_HAL_Driver/Src/stm32f4xx_hal_rcc.o
 .debug_abbrev  0x00001b98      0x1db HALLIB/STM32F4xx_HAL_Driver/Src/stm32f4xx_hal_gpio.o
 .debug_abbrev  0x00001d73      0x312 HALLIB/STM32F4xx_HAL_Driver/Src/stm32f4xx_hal_cortex.o
 .debug_abbrev  0x00002085      0x23c SYSTEM/sys/sys.o
 .debug_abbrev  0x000022c1      0x153 SYSTEM/delay/delay.o
 .debug_abbrev  0x00002414      0x31f SYSTEM/usart/usart.o
 .debug_abbrev  0x00002733      0x14d HARDWARE/LED/led.o
 .debug_abbrev  0x00002880      0x1ad HARDWARE/KEY/key.o
 .debug_abbrev  0x00002a2d      0x2cc HARDWARE/ADC/adc.o
 .debug_abbrev  0x00002cf9      0x265 HARDWARE/DAC/dac.o

.debug_aranges  0x00000000      0xea8
 .debug_aranges
                0x00000000       0x28 CORE/startup_stm32f407xx_gcc.o
 .debug_aranges
                0x00000028       0x50 USER/main.o
 .debug_aranges
                0x00000078       0x68 USER/stm32f4xx_it.o
 .debug_aranges
                0x000000e0       0x28 USER/system_stm32f4xx.o
 .debug_aranges
                0x00000108       0xc8 HALLIB/STM32F4xx_HAL_Driver/Src/stm32f4xx_hal.o
 .debug_aranges
                0x000001d0       0xe8 HALLIB/STM32F4xx_HAL_Driver/Src/stm32f4xx_hal_adc.o
 .debug_aranges
                0x000002b8       0xc0 HALLIB/STM32F4xx_HAL_Driver/Src/stm32f4xx_hal_dac.o
 .debug_aranges
                0x00000378       0x70 HALLIB/STM32F4xx_HAL_Driver/Src/stm32f4xx_hal_dac_ex.o
 .debug_aranges
                0x000003e8      0x1d0 HALLIB/STM32F4xx_HAL_Driver/Src/stm32f4xx_hal_uart.o
 .debug_aranges
                0x000005b8      0x368 HALLIB/STM32F4xx_HAL_Driver/Src/stm32f4xx_hal_tim.o
 .debug_aranges
                0x00000920      0x140 HALLIB/STM32F4xx_HAL_Driver/Src/stm32f4xx_hal_tim_ex.o
 .debug_aranges
                0x00000a60       0x90 HALLIB/STM32F4xx_HAL_Driver/Src/stm32f4xx_hal_dma.o
 .debug_aranges
                0x00000af0       0x88 HALLIB/STM32F4xx_HAL_Driver/Src/stm32f4xx_hal_rcc.o
 .debug_aranges
                0x00000b78       0x58 HALLIB/STM32F4xx_HAL_Driver/Src/stm32f4xx_hal_gpio.o
 .debug_aranges
                0x00000bd0      0x118 HALLIB/STM32F4xx_HAL_Driver/Src/stm32f4xx_hal_cortex.o
 .debug_aranges
                0x00000ce8       0x40 SYSTEM/sys/sys.o
 .debug_aranges
                0x00000d28       0x30 SYSTEM/delay/delay.o
 .debug_aranges
                0x00000d58       0x48 SYSTEM/usart/usart.o
 .debug_aranges
                0x00000da0       0x20 HARDWARE/LED/led.o
 .debug_aranges
                0x00000dc0       0x28 HARDWARE/KEY/key.o
 .debug_aranges
                0x00000de8       0x70 HARDWARE/ADC/adc.o
 .debug_aranges
                0x00000e58       0x50 HARDWARE/DAC/dac.o

.debug_str      0x00000000    0xedb2a
 .debug_str     0x00000000    0xedb2a CORE/startup_stm32f407xx_gcc.o
                                 0xa2 (size before relaxing)
 .debug_str     0x000edb2a        0x0 USER/main.o
                              0xe9414 (size before relaxing)
 .debug_str     0x000edb2a        0x0 USER/stm32f4xx_it.o
                              0xe8907 (size before relaxing)
 .debug_str     0x000edb2a        0x0 USER/system_stm32f4xx.o
                              0xe87a6 (size before relaxing)
 .debug_str     0x000edb2a        0x0 HALLIB/STM32F4xx_HAL_Driver/Src/stm32f4xx_hal.o
                              0xe9288 (size before relaxing)
 .debug_str     0x000edb2a        0x0 HALLIB/STM32F4xx_HAL_Driver/Src/stm32f4xx_hal_adc.o
                              0xe8d7c (size before relaxing)
 .debug_str     0x000edb2a        0x0 HALLIB/STM32F4xx_HAL_Driver/Src/stm32f4xx_hal_dac.o
                              0xe8c09 (size before relaxing)
 .debug_str     0x000edb2a        0x0 HALLIB/STM32F4xx_HAL_Driver/Src/stm32f4xx_hal_dac_ex.o
                              0xe8abf (size before relaxing)
 .debug_str     0x000edb2a        0x0 HALLIB/STM32F4xx_HAL_Driver/Src/stm32f4xx_hal_uart.o
                              0xe9001 (size before relaxing)
 .debug_str     0x000edb2a        0x0 HALLIB/STM32F4xx_HAL_Driver/Src/stm32f4xx_hal_tim.o
                              0xe97cb (size before relaxing)
 .debug_str     0x000edb2a        0x0 HALLIB/STM32F4xx_HAL_Driver/Src/stm32f4xx_hal_tim_ex.o
                              0xe90a8 (size before relaxing)
 .debug_str     0x000edb2a        0x0 HALLIB/STM32F4xx_HAL_Driver/Src/stm32f4xx_hal_dma.o
                              0xe8bae (size before relaxing)
 .debug_str     0x000edb2a        0x0 HALLIB/STM32F4xx_HAL_Driver/Src/stm32f4xx_hal_rcc.o
                              0xe8bbf (size before relaxing)
 .debug_str     0x000edb2a        0x0 HALLIB/STM32F4xx_HAL_Driver/Src/stm32f4xx_hal_gpio.o
                              0xe89bc (size before relaxing)
 .debug_str     0x000edb2a        0x0 HALLIB/STM32F4xx_HAL_Driver/Src/stm32f4xx_hal_cortex.o
                              0xe903a (size before relaxing)
 .debug_str     0x000edb2a        0x0 SYSTEM/sys/sys.o
                              0xe8fa1 (size before relaxing)
 .debug_str     0x000edb2a        0x0 SYSTEM/delay/delay.o
                              0xe8d06 (size before relaxing)
 .debug_str     0x000edb2a        0x0 SYSTEM/usart/usart.o
                              0xe9b45 (size before relaxing)
 .debug_str     0x000edb2a        0x0 HARDWARE/LED/led.o
                              0xe8e4d (size before relaxing)
 .debug_str     0x000edb2a        0x0 HARDWARE/KEY/key.o
                              0xe8f3a (size before relaxing)
 .debug_str     0x000edb2a        0x0 HARDWARE/ADC/adc.o
                              0xe9b31 (size before relaxing)
 .debug_str     0x000edb2a        0x0 HARDWARE/DAC/dac.o
                              0xea2b2 (size before relaxing)

.debug_rnglists
                0x00000000      0xb15
 .debug_rnglists
                0x00000000       0x19 CORE/startup_stm32f407xx_gcc.o
 .debug_rnglists
                0x00000019       0x3a USER/main.o
 .debug_rnglists
                0x00000053       0x49 USER/stm32f4xx_it.o
 .debug_rnglists
                0x0000009c       0x1a USER/system_stm32f4xx.o
 .debug_rnglists
                0x000000b6       0x91 HALLIB/STM32F4xx_HAL_Driver/Src/stm32f4xx_hal.o
 .debug_rnglists
                0x00000147       0xb5 HALLIB/STM32F4xx_HAL_Driver/Src/stm32f4xx_hal_adc.o
 .debug_rnglists
                0x000001fc       0x90 HALLIB/STM32F4xx_HAL_Driver/Src/stm32f4xx_hal_dac.o
 .debug_rnglists
                0x0000028c       0x4f HALLIB/STM32F4xx_HAL_Driver/Src/stm32f4xx_hal_dac_ex.o
 .debug_rnglists
                0x000002db      0x16e HALLIB/STM32F4xx_HAL_Driver/Src/stm32f4xx_hal_uart.o
 .debug_rnglists
                0x00000449      0x2b6 HALLIB/STM32F4xx_HAL_Driver/Src/stm32f4xx_hal_tim.o
 .debug_rnglists
                0x000006ff       0xfe HALLIB/STM32F4xx_HAL_Driver/Src/stm32f4xx_hal_tim_ex.o
 .debug_rnglists
                0x000007fd       0x70 HALLIB/STM32F4xx_HAL_Driver/Src/stm32f4xx_hal_dma.o
 .debug_rnglists
                0x0000086d       0x66 HALLIB/STM32F4xx_HAL_Driver/Src/stm32f4xx_hal_rcc.o
 .debug_rnglists
                0x000008d3       0x3f HALLIB/STM32F4xx_HAL_Driver/Src/stm32f4xx_hal_gpio.o
 .debug_rnglists
                0x00000912       0xce HALLIB/STM32F4xx_HAL_Driver/Src/stm32f4xx_hal_cortex.o
 .debug_rnglists
                0x000009e0       0x2c SYSTEM/sys/sys.o
 .debug_rnglists
                0x00000a0c       0x1f SYSTEM/delay/delay.o
 .debug_rnglists
                0x00000a2b       0x32 SYSTEM/usart/usart.o
 .debug_rnglists
                0x00000a5d       0x13 HARDWARE/LED/led.o
 .debug_rnglists
                0x00000a70       0x1b HARDWARE/KEY/key.o
 .debug_rnglists
                0x00000a8b       0x51 HARDWARE/ADC/adc.o
 .debug_rnglists
                0x00000adc       0x39 HARDWARE/DAC/dac.o

.debug_macro    0x00000000    0x29005
 .debug_macro   0x00000000      0x48a USER/main.o
 .debug_macro   0x0000048a      0xaf0 USER/main.o
 .debug_macro   0x00000f7a       0x33 USER/main.o
 .debug_macro   0x00000fad       0x28 USER/main.o
 .debug_macro   0x00000fd5       0x22 USER/main.o
 .debug_macro   0x00000ff7       0x8e USER/main.o
 .debug_macro   0x00001085       0x51 USER/main.o
 .debug_macro   0x000010d6      0x103 USER/main.o
 .debug_macro   0x000011d9       0x6a USER/main.o
 .debug_macro   0x00001243      0x1df USER/main.o
 .debug_macro   0x00001422       0x35 USER/main.o
 .debug_macro   0x00001457       0xe9 USER/main.o
 .debug_macro   0x00001540      0xe66 USER/main.o
 .debug_macro   0x000023a6    0x15e04 USER/main.o
 .debug_macro   0x000181aa       0x43 USER/main.o
 .debug_macro   0x000181ed      0x252 USER/main.o
 .debug_macro   0x0001843f     0x3574 USER/main.o
 .debug_macro   0x0001b9b3       0x7b USER/main.o
 .debug_macro   0x0001ba2e       0x2a USER/main.o
 .debug_macro   0x0001ba58       0x3c USER/main.o
 .debug_macro   0x0001ba94       0x34 USER/main.o
 .debug_macro   0x0001bac8       0x16 USER/main.o
 .debug_macro   0x0001bade       0x9e USER/main.o
 .debug_macro   0x0001bb7c      0x364 USER/main.o
 .debug_macro   0x0001bee0      0x127 USER/main.o
 .debug_macro   0x0001c007       0x10 USER/main.o
 .debug_macro   0x0001c017       0x16 USER/main.o
 .debug_macro   0x0001c02d       0x4a USER/main.o
 .debug_macro   0x0001c077       0x34 USER/main.o
 .debug_macro   0x0001c0ab       0x10 USER/main.o
 .debug_macro   0x0001c0bb       0x58 USER/main.o
 .debug_macro   0x0001c113      0x1e5 USER/main.o
 .debug_macro   0x0001c2f8       0x16 USER/main.o
 .debug_macro   0x0001c30e       0x16 USER/main.o
 .debug_macro   0x0001c324      0x170 USER/main.o
 .debug_macro   0x0001c494       0x57 USER/main.o
 .debug_macro   0x0001c4eb      0x96b USER/main.o
 .debug_macro   0x0001ce56      0x9e1 USER/main.o
 .debug_macro   0x0001d837      0x11e USER/main.o
 .debug_macro   0x0001d955      0x13e USER/main.o
 .debug_macro   0x0001da93       0x27 USER/main.o
 .debug_macro   0x0001daba      0x287 USER/main.o
 .debug_macro   0x0001dd41       0x5f USER/main.o
 .debug_macro   0x0001dda0      0x23a USER/main.o
 .debug_macro   0x0001dfda      0x391 USER/main.o
 .debug_macro   0x0001e36b      0x176 USER/main.o
 .debug_macro   0x0001e4e1       0xf9 USER/main.o
 .debug_macro   0x0001e5da      0x36e USER/main.o
 .debug_macro   0x0001e948       0x23 USER/main.o
 .debug_macro   0x0001e96b       0xe6 USER/main.o
 .debug_macro   0x0001ea51       0xa1 USER/main.o
 .debug_macro   0x0001eaf2       0x3c USER/main.o
 .debug_macro   0x0001eb2e       0x1f USER/main.o
 .debug_macro   0x0001eb4d      0x1cd USER/main.o
 .debug_macro   0x0001ed1a      0xcd6 USER/main.o
 .debug_macro   0x0001f9f0      0x133 USER/main.o
 .debug_macro   0x0001fb23      0x21e USER/main.o
 .debug_macro   0x0001fd41       0x2e USER/main.o
 .debug_macro   0x0001fd6f      0x543 USER/main.o
 .debug_macro   0x000202b2       0x88 USER/main.o
 .debug_macro   0x0002033a       0xea USER/main.o
 .debug_macro   0x00020424      0x183 USER/main.o
 .debug_macro   0x000205a7      0x1a7 USER/main.o
 .debug_macro   0x0002074e       0xa5 USER/main.o
 .debug_macro   0x000207f3      0x192 USER/main.o
 .debug_macro   0x00020985       0x40 USER/main.o
 .debug_macro   0x000209c5       0x3c USER/main.o
 .debug_macro   0x00020a01       0x79 USER/main.o
 .debug_macro   0x00020a7a      0x11e USER/main.o
 .debug_macro   0x00020b98       0x7f USER/main.o
 .debug_macro   0x00020c17       0x89 USER/main.o
 .debug_macro   0x00020ca0       0x7e USER/main.o
 .debug_macro   0x00020d1e      0x31a USER/main.o
 .debug_macro   0x00021038      0x409 USER/main.o
 .debug_macro   0x00021441       0xe4 USER/main.o
 .debug_macro   0x00021525      0x845 USER/main.o
 .debug_macro   0x00021d6a      0x198 USER/main.o
 .debug_macro   0x00021f02      0x202 USER/main.o
 .debug_macro   0x00022104      0x6e0 USER/main.o
 .debug_macro   0x000227e4       0x5b USER/main.o
 .debug_macro   0x0002283f      0x14d USER/main.o
 .debug_macro   0x0002298c      0x287 USER/main.o
 .debug_macro   0x00022c13      0x225 USER/main.o
 .debug_macro   0x00022e38      0x1b5 USER/main.o
 .debug_macro   0x00022fed      0x2db USER/main.o
 .debug_macro   0x000232c8       0x89 USER/main.o
 .debug_macro   0x00023351      0x1df USER/main.o
 .debug_macro   0x00023530      0x115 USER/main.o
 .debug_macro   0x00023645       0x6e USER/main.o
 .debug_macro   0x000236b3      0x125 USER/main.o
 .debug_macro   0x000237d8      0x124 USER/main.o
 .debug_macro   0x000238fc       0x1c USER/main.o
 .debug_macro   0x00023918       0x16 USER/main.o
 .debug_macro   0x0002392e       0x3a USER/main.o
 .debug_macro   0x00023968      0x438 USER/stm32f4xx_it.o
 .debug_macro   0x00023da0      0x42a USER/system_stm32f4xx.o
 .debug_macro   0x000241ca      0x484 HALLIB/STM32F4xx_HAL_Driver/Src/stm32f4xx_hal.o
 .debug_macro   0x0002464e      0x425 HALLIB/STM32F4xx_HAL_Driver/Src/stm32f4xx_hal_adc.o
 .debug_macro   0x00024a73      0x425 HALLIB/STM32F4xx_HAL_Driver/Src/stm32f4xx_hal_dac.o
 .debug_macro   0x00024e98      0x424 HALLIB/STM32F4xx_HAL_Driver/Src/stm32f4xx_hal_dac_ex.o
 .debug_macro   0x000252bc      0x425 HALLIB/STM32F4xx_HAL_Driver/Src/stm32f4xx_hal_uart.o
 .debug_macro   0x000256e1      0x425 HALLIB/STM32F4xx_HAL_Driver/Src/stm32f4xx_hal_tim.o
 .debug_macro   0x00025b06      0x424 HALLIB/STM32F4xx_HAL_Driver/Src/stm32f4xx_hal_tim_ex.o
 .debug_macro   0x00025f2a      0x42b HALLIB/STM32F4xx_HAL_Driver/Src/stm32f4xx_hal_dma.o
 .debug_macro   0x00026355      0x44e HALLIB/STM32F4xx_HAL_Driver/Src/stm32f4xx_hal_rcc.o
 .debug_macro   0x000267a3      0x45c HALLIB/STM32F4xx_HAL_Driver/Src/stm32f4xx_hal_gpio.o
 .debug_macro   0x00026bff      0x424 HALLIB/STM32F4xx_HAL_Driver/Src/stm32f4xx_hal_cortex.o
 .debug_macro   0x00027023      0x433 SYSTEM/sys/sys.o
 .debug_macro   0x00027456      0x43d SYSTEM/delay/delay.o
 .debug_macro   0x00027893      0x44c SYSTEM/usart/usart.o
 .debug_macro   0x00027cdf       0x16 SYSTEM/usart/usart.o
 .debug_macro   0x00027cf5      0x442 HARDWARE/LED/led.o
 .debug_macro   0x00028137       0x10 HARDWARE/LED/led.o
 .debug_macro   0x00028147      0x44c HARDWARE/KEY/key.o
 .debug_macro   0x00028593       0x34 HARDWARE/KEY/key.o
 .debug_macro   0x000285c7      0x44d HARDWARE/ADC/adc.o
 .debug_macro   0x00028a14      0x456 HARDWARE/DAC/dac.o
 .debug_macro   0x00028e6a      0x19b HARDWARE/DAC/dac.o

.comment        0x00000000       0x45
 .comment       0x00000000       0x45 USER/main.o
                                 0x46 (size before relaxing)
 .comment       0x00000045        0x0 USER/stm32f4xx_it.o
                                 0x46 (size before relaxing)
 .comment       0x00000045        0x0 USER/system_stm32f4xx.o
                                 0x46 (size before relaxing)
 .comment       0x00000045        0x0 HALLIB/STM32F4xx_HAL_Driver/Src/stm32f4xx_hal.o
                                 0x46 (size before relaxing)
 .comment       0x00000045        0x0 HALLIB/STM32F4xx_HAL_Driver/Src/stm32f4xx_hal_adc.o
                                 0x46 (size before relaxing)
 .comment       0x00000045        0x0 HALLIB/STM32F4xx_HAL_Driver/Src/stm32f4xx_hal_dac.o
                                 0x46 (size before relaxing)
 .comment       0x00000045        0x0 HALLIB/STM32F4xx_HAL_Driver/Src/stm32f4xx_hal_dac_ex.o
                                 0x46 (size before relaxing)
 .comment       0x00000045        0x0 HALLIB/STM32F4xx_HAL_Driver/Src/stm32f4xx_hal_uart.o
                                 0x46 (size before relaxing)
 .comment       0x00000045        0x0 HALLIB/STM32F4xx_HAL_Driver/Src/stm32f4xx_hal_tim.o
                                 0x46 (size before relaxing)
 .comment       0x00000045        0x0 HALLIB/STM32F4xx_HAL_Driver/Src/stm32f4xx_hal_tim_ex.o
                                 0x46 (size before relaxing)
 .comment       0x00000045        0x0 HALLIB/STM32F4xx_HAL_Driver/Src/stm32f4xx_hal_dma.o
                                 0x46 (size before relaxing)
 .comment       0x00000045        0x0 HALLIB/STM32F4xx_HAL_Driver/Src/stm32f4xx_hal_rcc.o
                                 0x46 (size before relaxing)
 .comment       0x00000045        0x0 HALLIB/STM32F4xx_HAL_Driver/Src/stm32f4xx_hal_gpio.o
                                 0x46 (size before relaxing)
 .comment       0x00000045        0x0 HALLIB/STM32F4xx_HAL_Driver/Src/stm32f4xx_hal_cortex.o
                                 0x46 (size before relaxing)
 .comment       0x00000045        0x0 SYSTEM/sys/sys.o
                                 0x46 (size before relaxing)
 .comment       0x00000045        0x0 SYSTEM/delay/delay.o
                                 0x46 (size before relaxing)
 .comment       0x00000045        0x0 SYSTEM/usart/usart.o
                                 0x46 (size before relaxing)
 .comment       0x00000045        0x0 HARDWARE/LED/led.o
                                 0x46 (size before relaxing)
 .comment       0x00000045        0x0 HARDWARE/KEY/key.o
                                 0x46 (size before relaxing)
 .comment       0x00000045        0x0 HARDWARE/ADC/adc.o
                                 0x46 (size before relaxing)
 .comment       0x00000045        0x0 HARDWARE/DAC/dac.o
                                 0x46 (size before relaxing)

.debug_frame    0x00000000     0x3e04
 .debug_frame   0x00000000      0x108 USER/main.o
 .debug_frame   0x00000108      0x128 USER/stm32f4xx_it.o
 .debug_frame   0x00000230       0x58 USER/system_stm32f4xx.o
 .debug_frame   0x00000288      0x2e8 HALLIB/STM32F4xx_HAL_Driver/Src/stm32f4xx_hal.o
 .debug_frame   0x00000570      0x3fc HALLIB/STM32F4xx_HAL_Driver/Src/stm32f4xx_hal_adc.o
 .debug_frame   0x0000096c      0x338 HALLIB/STM32F4xx_HAL_Driver/Src/stm32f4xx_hal_dac.o
 .debug_frame   0x00000ca4      0x1bc HALLIB/STM32F4xx_HAL_Driver/Src/stm32f4xx_hal_dac_ex.o
 .debug_frame   0x00000e60      0x83c HALLIB/STM32F4xx_HAL_Driver/Src/stm32f4xx_hal_uart.o
 .debug_frame   0x0000169c      0xfb4 HALLIB/STM32F4xx_HAL_Driver/Src/stm32f4xx_hal_tim.o
 .debug_frame   0x00002650      0x574 HALLIB/STM32F4xx_HAL_Driver/Src/stm32f4xx_hal_tim_ex.o
 .debug_frame   0x00002bc4      0x250 HALLIB/STM32F4xx_HAL_Driver/Src/stm32f4xx_hal_dma.o
 .debug_frame   0x00002e14      0x200 HALLIB/STM32F4xx_HAL_Driver/Src/stm32f4xx_hal_rcc.o
 .debug_frame   0x00003014      0x14c HALLIB/STM32F4xx_HAL_Driver/Src/stm32f4xx_hal_gpio.o
 .debug_frame   0x00003160      0x498 HALLIB/STM32F4xx_HAL_Driver/Src/stm32f4xx_hal_cortex.o
 .debug_frame   0x000035f8       0xbc SYSTEM/sys/sys.o
 .debug_frame   0x000036b4       0x80 SYSTEM/delay/delay.o
 .debug_frame   0x00003734       0xec SYSTEM/usart/usart.o
 .debug_frame   0x00003820       0x34 HARDWARE/LED/led.o
 .debug_frame   0x00003854       0x58 HARDWARE/KEY/key.o
 .debug_frame   0x000038ac      0x184 HARDWARE/ADC/adc.o
 .debug_frame   0x00003a30      0x100 HARDWARE/DAC/dac.o
 .debug_frame   0x00003b30       0x30 C:/Users/Rose/Downloads/arm-gnu-toolchain-15.2.rel1-mingw-w64-x86_64-arm-none-eabi/bin/../lib/gcc/arm-none-eabi/15.2.1/thumb/v7e-m+fp/hard\libgcc.a(_arm_muldf3.o)
 .debug_frame   0x00003b60       0xac C:/Users/Rose/Downloads/arm-gnu-toolchain-15.2.rel1-mingw-w64-x86_64-arm-none-eabi/bin/../lib/gcc/arm-none-eabi/15.2.1/thumb/v7e-m+fp/hard\libgcc.a(_arm_addsubdf3.o)
 .debug_frame   0x00003c0c       0x24 C:/Users/Rose/Downloads/arm-gnu-toolchain-15.2.rel1-mingw-w64-x86_64-arm-none-eabi/bin/../lib/gcc/arm-none-eabi/15.2.1/thumb/v7e-m+fp/hard\libgcc.a(_arm_fixunsdfsi.o)
 .debug_frame   0x00003c30       0x2c C:/Users/Rose/Downloads/arm-gnu-toolchain-15.2.rel1-mingw-w64-x86_64-arm-none-eabi/bin/../lib/gcc/arm-none-eabi/15.2.1/../../../../arm-none-eabi/lib/thumb/v7e-m+fp/hard\libc.a(libc_a-init.o)
 .debug_frame   0x00003c5c       0xb0 C:/Users/Rose/Downloads/arm-gnu-toolchain-15.2.rel1-mingw-w64-x86_64-arm-none-eabi/bin/../lib/gcc/arm-none-eabi/15.2.1/../../../../arm-none-eabi/lib/thumb/v7e-m+fp/hard\libc.a(libc_a-lock.o)
 .debug_frame   0x00003d0c       0x6c C:/Users/Rose/Downloads/arm-gnu-toolchain-15.2.rel1-mingw-w64-x86_64-arm-none-eabi/bin/../lib/gcc/arm-none-eabi/15.2.1/../../../../arm-none-eabi/lib/thumb/v7e-m+fp/hard\libc.a(libc_a-__call_atexit.o)
 .debug_frame   0x00003d78       0x20 C:/Users/Rose/Downloads/arm-gnu-toolchain-15.2.rel1-mingw-w64-x86_64-arm-none-eabi/bin/../lib/gcc/arm-none-eabi/15.2.1/../../../../arm-none-eabi/lib/thumb/v7e-m+fp/hard\libc.a(libc_a-atexit.o)
 .debug_frame   0x00003d98       0x34 C:/Users/Rose/Downloads/arm-gnu-toolchain-15.2.rel1-mingw-w64-x86_64-arm-none-eabi/bin/../lib/gcc/arm-none-eabi/15.2.1/../../../../arm-none-eabi/lib/thumb/v7e-m+fp/hard\libc.a(libc_a-fini.o)
 .debug_frame   0x00003dcc       0x38 C:/Users/Rose/Downloads/arm-gnu-toolchain-15.2.rel1-mingw-w64-x86_64-arm-none-eabi/bin/../lib/gcc/arm-none-eabi/15.2.1/../../../../arm-none-eabi/lib/thumb/v7e-m+fp/hard\libc.a(libc_a-__atexit.o)
